19:30:20 **** Incremental Build of configuration Debug for project BP_LER_ADC ****
make -j8 all 
arm-none-eabi-gcc -o "BP_LER_ADC.elf" @"objects.list"   -mcpu=cortex-m3 -T"C:\GIT\AULASFATEC_2025_1\Codigo_das_aulas\BP_LER_ADC\STM32F103C8TX_FLASH.ld" --specs=nosys.specs -Wl,-Map="BP_LER_ADC.map" -Wl,--gc-sections -static -u _printf_float --specs=nano.specs -mfloat-abi=soft -mthumb -u _printf_float -Wl,--start-group -lc -lm -Wl,--end-group
Finished building target: BP_LER_ADC.elf
 
arm-none-eabi-size  BP_LER_ADC.elf 
arm-none-eabi-objdump -h -S BP_LER_ADC.elf  > "BP_LER_ADC.list"
arm-none-eabi-objcopy  -O ihex BP_LER_ADC.elf  "BP_LER_ADC.hex"
   text	   data	    bss	    dec	    hex	filename
  25400	    468	   2132	  28000	   6d60	BP_LER_ADC.elf
Finished building: default.size.stdout
 
Finished building: BP_LER_ADC.hex
 
Finished building: BP_LER_ADC.list
 

19:30:21 Build Finished. 0 errors, 0 warnings. (took 951ms)

