23:15:20 **** Incremental Build of configuration Debug for project Exemplo1_PWM ****
make -j8 all 
arm-none-eabi-gcc "../Core/Src/main.c" -mcpu=cortex-m3 -std=gnu11 -g3 -DDEBUG -DUSE_HAL_DRIVER -DSTM32F103xB -c -I../Core/Inc -I../Drivers/STM32F1xx_HAL_Driver/Inc/Legacy -I../Drivers/STM32F1xx_HAL_Driver/Inc -I../Drivers/CMSIS/Device/ST/STM32F1xx/Include -I../Drivers/CMSIS/Include -O0 -ffunction-sections -fdata-sections -Wall -fstack-usage -fcyclomatic-complexity -MMD -MP -MF"Core/Src/main.d" -MT"Core/Src/main.o" --specs=nano.specs -mfloat-abi=soft -mthumb -o "Core/Src/main.o"
arm-none-eabi-gcc -o "Exemplo1_PWM.elf" @"objects.list"   -mcpu=cortex-m3 -T"C:\GIT\GIT_AULAS_FATEC\Exemplos_Codigo_STM32\Exemplo1_PWM\STM32F103C8TX_FLASH.ld" --specs=nosys.specs -Wl,-Map="Exemplo1_PWM.map" -Wl,--gc-sections -static --specs=nano.specs -mfloat-abi=soft -mthumb -u _printf_float -Wl,--start-group -lc -lm -Wl,--end-group
Finished building target: Exemplo1_PWM.elf
 
arm-none-eabi-size  Exemplo1_PWM.elf 
arm-none-eabi-objdump -h -S Exemplo1_PWM.elf  > "Exemplo1_PWM.list"
arm-none-eabi-objcopy  -O ihex Exemplo1_PWM.elf  "Exemplo1_PWM.hex"
   text	   data	    bss	    dec	    hex	filename
  29384	    468	   2156	  32008	   7d08	Exemplo1_PWM.elf
Finished building: default.size.stdout
 
Finished building: Exemplo1_PWM.hex
 
Finished building: Exemplo1_PWM.list
 

23:15:21 Build Finished. 0 errors, 0 warnings. (took 1s.510ms)

