22:00:40 **** Incremental Build of configuration Debug for project Interrupcao_externa_e_timer ****
make -j8 all 
arm-none-eabi-gcc "../Core/Src/main.c" -mcpu=cortex-m3 -std=gnu11 -g3 -DDEBUG -DUSE_HAL_DRIVER -DSTM32F103xB -c -I../Core/Inc -I../Drivers/STM32F1xx_HAL_Driver/Inc -I../Drivers/STM32F1xx_HAL_Driver/Inc/Legacy -I../Drivers/CMSIS/Device/ST/STM32F1xx/Include -I../Drivers/CMSIS/Include -O0 -ffunction-sections -fdata-sections -Wall -fstack-usage -fcyclomatic-complexity -MMD -MP -MF"Core/Src/main.d" -MT"Core/Src/main.o" --specs=nano.specs -mfloat-abi=soft -mthumb -o "Core/Src/main.o"
arm-none-eabi-gcc -o "Interrupcao_externa_e_timer.elf" @"objects.list"   -mcpu=cortex-m3 -T"C:\GIT\GIT_AULAS_FATEC\Exemplos_Codigo_STM32\Interrupcao_externa_e_timer\STM32F103C8TX_FLASH.ld" --specs=nosys.specs -Wl,-Map="Interrupcao_externa_e_timer.map" -Wl,--gc-sections -static --specs=nano.specs -mfloat-abi=soft -mthumb -u _printf_float -Wl,--start-group -lc -lm -Wl,--end-group
Finished building target: Interrupcao_externa_e_timer.elf
 
arm-none-eabi-size  Interrupcao_externa_e_timer.elf 
arm-none-eabi-objdump -h -S Interrupcao_externa_e_timer.elf  > "Interrupcao_externa_e_timer.list"
arm-none-eabi-objcopy  -O ihex Interrupcao_externa_e_timer.elf  "Interrupcao_externa_e_timer.hex"
   text	   data	    bss	    dec	    hex	filename
  24760	    468	   2188	  27416	   6b18	Interrupcao_externa_e_timer.elf
Finished building: default.size.stdout
 
Finished building: Interrupcao_externa_e_timer.hex
 
Finished building: Interrupcao_externa_e_timer.list
 

22:00:42 Build Finished. 0 errors, 0 warnings. (took 1s.769ms)

