22:41:48 **** Incremental Build of configuration Debug for project OLED_SPI ****
make -j8 all 
arm-none-eabi-gcc "../Core/Src/main.c" -mcpu=cortex-m3 -std=gnu11 -g3 -DDEBUG -DUSE_HAL_DRIVER -DSTM32F103xB -c -I../Core/Inc -I../Drivers/STM32F1xx_HAL_Driver/Inc/Legacy -I../Drivers/STM32F1xx_HAL_Driver/Inc -I../Drivers/CMSIS/Device/ST/STM32F1xx/Include -I../Drivers/CMSIS/Include -O0 -ffunction-sections -fdata-sections -Wall -fstack-usage -fcyclomatic-complexity -MMD -MP -MF"Core/Src/main.d" -MT"Core/Src/main.o" --specs=nano.specs -mfloat-abi=soft -mthumb -o "Core/Src/main.o"
arm-none-eabi-gcc -o "OLED_SPI.elf" @"objects.list"   -mcpu=cortex-m3 -T"C:\GIT\GIT_AULAS_FATEC\Exemplos_Codigo_STM32\OLED_SPI\STM32F103C8TX_FLASH.ld" --specs=nosys.specs -Wl,-Map="OLED_SPI.map" -Wl,--gc-sections -static --specs=nano.specs -mfloat-abi=soft -mthumb -u _printf_float -Wl,--start-group -lc -lm -Wl,--end-group
Finished building target: OLED_SPI.elf
 
arm-none-eabi-size  OLED_SPI.elf 
arm-none-eabi-objdump -h -S OLED_SPI.elf  > "OLED_SPI.list"
arm-none-eabi-objcopy  -O ihex OLED_SPI.elf  "OLED_SPI.hex"
   text	   data	    bss	    dec	    hex	filename
  26592	    468	   3068	  30128	   75b0	OLED_SPI.elf
Finished building: default.size.stdout
 
Finished building: OLED_SPI.hex
 
Finished building: OLED_SPI.list
 

22:41:49 Build Finished. 0 errors, 0 warnings. (took 1s.341ms)

