04:26:34 **** Incremental Build of configuration Debug for project SimuladorRotacao60menos2 ****
make -j8 all 
arm-none-eabi-gcc "../Core/Src/main.c" -mcpu=cortex-m3 -std=gnu11 -g3 -DDEBUG -DUSE_HAL_DRIVER -DSTM32F103xB -c -I../Core/Inc -I../Drivers/STM32F1xx_HAL_Driver/Inc/Legacy -I../Drivers/STM32F1xx_HAL_Driver/Inc -I../Drivers/CMSIS/Device/ST/STM32F1xx/Include -I../Drivers/CMSIS/Include -O0 -ffunction-sections -fdata-sections -Wall -fstack-usage -fcyclomatic-complexity -MMD -MP -MF"Core/Src/main.d" -MT"Core/Src/main.o" --specs=nano.specs -mfloat-abi=soft -mthumb -o "Core/Src/main.o"
arm-none-eabi-gcc -o "SimuladorRotacao60menos2.elf" @"objects.list"   -mcpu=cortex-m3 -T"C:\GIT\GIT_AULAS_FATEC\Exemplos_Codigo_STM32\SimuladorRotacao60menos2\STM32F103C8TX_FLASH.ld" --specs=nosys.specs -Wl,-Map="SimuladorRotacao60menos2.map" -Wl,--gc-sections -static --specs=nano.specs -mfloat-abi=soft -mthumb -Wl,--start-group -lc -lm -Wl,--end-group
Finished building target: SimuladorRotacao60menos2.elf
 
arm-none-eabi-size  SimuladorRotacao60menos2.elf 
arm-none-eabi-objdump -h -S SimuladorRotacao60menos2.elf  > "SimuladorRotacao60menos2.list"
arm-none-eabi-objcopy  -O ihex SimuladorRotacao60menos2.elf  "SimuladorRotacao60menos2.hex"
   text	   data	    bss	    dec	    hex	filename
  10028	    132	   1692	  11852	   2e4c	SimuladorRotacao60menos2.elf
Finished building: default.size.stdout
 
Finished building: SimuladorRotacao60menos2.hex
 
Finished building: SimuladorRotacao60menos2.list
 

04:26:37 Build Finished. 0 errors, 0 warnings. (took 2s.645ms)

