21:16:59 **** Incremental Build of configuration Debug for project Teste_ADC_1 ****
make -j8 all 
arm-none-eabi-gcc "../Core/Src/main.c" -mcpu=cortex-m3 -std=gnu11 -g3 -DDEBUG -DUSE_HAL_DRIVER -DSTM32F103xB -c -I../Core/Inc -I../Drivers/STM32F1xx_HAL_Driver/Inc/Legacy -I../Drivers/STM32F1xx_HAL_Driver/Inc -I../Drivers/CMSIS/Device/ST/STM32F1xx/Include -I../Drivers/CMSIS/Include -O0 -ffunction-sections -fdata-sections -Wall -fstack-usage -fcyclomatic-complexity -MMD -MP -MF"Core/Src/main.d" -MT"Core/Src/main.o" --specs=nano.specs -mfloat-abi=soft -mthumb -o "Core/Src/main.o"
arm-none-eabi-gcc -o "Teste_ADC_1.elf" @"objects.list"   -mcpu=cortex-m3 -T"C:\GIT\GIT_AULAS_FATEC\Exemplos_Codigo_STM32\Teste_ADC_1\STM32F103C8TX_FLASH.ld" --specs=nosys.specs -Wl,-Map="Teste_ADC_1.map" -Wl,--gc-sections -static --specs=nano.specs -mfloat-abi=soft -mthumb -u _printf_float -Wl,--start-group -lc -lm -Wl,--end-group
Finished building target: Teste_ADC_1.elf
 
arm-none-eabi-size  Teste_ADC_1.elf 
arm-none-eabi-objdump -h -S Teste_ADC_1.elf  > "Teste_ADC_1.list"
arm-none-eabi-objcopy  -O ihex Teste_ADC_1.elf  "Teste_ADC_1.hex"
   text	   data	    bss	    dec	    hex	filename
  24944	    468	   2084	  27496	   6b68	Teste_ADC_1.elf
Finished building: default.size.stdout
 
Finished building: Teste_ADC_1.hex
 
Finished building: Teste_ADC_1.list
 

21:17:00 Build Finished. 0 errors, 0 warnings. (took 1s.719ms)

