2025-10-21 21:06:49,742 [INFO] Activator:176 - 


2025-10-21 21:06:49,750 [INFO] Activator:177 - !SESSION log4j initialized
2025-10-21 21:06:57,388 [INFO] LogOutputStream:77 - [STDOUT_REDIRECT] 
2025-10-21 21:06:59,541 [INFO] ApplicationProperties:184 - Using Application install path: C:\ST\STM32CubeIDE_1.18.0\STM32CubeIDE\plugins\com.st.stm32cube.common.mx_6.14.1.202504091515
2025-10-21 21:06:59,560 [INFO] DbMcusXml:78 - Set database path to: C:\ST\STM32CubeIDE_1.18.0\STM32CubeIDE\plugins\com.st.stm32cube.common.mx_6.14.1.202504091515\\db\/mcu/
2025-10-21 21:06:59,560 [INFO] ApiDb:274 - Set plugin database path to: C:\ST\STM32CubeIDE_1.18.0\STM32CubeIDE\plugins\com.st.stm32cube.common.mx_6.14.1.202504091515\\db\/plugins/boardmanager/
2025-10-21 21:06:59,561 [WARN] ApiDb:259 - Overriding images path with different value:  => C:\ST\STM32CubeIDE_1.18.0\STM32CubeIDE\plugins\com.st.stm32cube.common.mx_6.14.1.202504091515\\db\/plugins/mcufinder/images/
2025-10-21 21:06:59,571 [INFO] ApiDb:250 - Set database path to: C:\Users\User\.stmcufinder\plugins\mcufinder//mcu/
2025-10-21 21:06:59,572 [INFO] DbMcusAds:125 - Set database path to: C:\Users\User\.stmcufinder\plugins\mcufinder//mcu/
2025-10-21 21:06:59,578 [INFO] CrossReferenceDbSqlite:203 - Set database path to: C:\Users\User\.stmcufinder\plugins\mcufinder//mcu/cs/
2025-10-21 21:06:59,701 [INFO] RulesReader:64 - Compatibility file has been processed (302 Rules)
2025-10-21 21:06:59,838 [INFO] DbMcusXml:78 - Set database path to: C:\ST\STM32CubeIDE_1.18.0\STM32CubeIDE\plugins\com.st.stm32cube.common.mx_6.14.1.202504091515\\db\/mcu/
2025-10-21 21:06:59,838 [INFO] ApiDb:274 - Set plugin database path to: C:\ST\STM32CubeIDE_1.18.0\STM32CubeIDE\plugins\com.st.stm32cube.common.mx_6.14.1.202504091515\\db\/plugins/boardmanager/
2025-10-21 21:06:59,838 [INFO] ApiDb:261 - Set plugin images path to: C:\ST\STM32CubeIDE_1.18.0\STM32CubeIDE\plugins\com.st.stm32cube.common.mx_6.14.1.202504091515\\db\/plugins/mcufinder/images/
2025-10-21 21:06:59,839 [WARN] DbFile:41 - Overriding database path with different value: C:\Users\User\.stmcufinder\plugins\mcufinder/ => C:\Users\User\.stmcufinder\plugins\mcufinder
2025-10-21 21:06:59,839 [INFO] ApiDb:250 - Set database path to: C:\Users\User\.stmcufinder\plugins\mcufinder//mcu/
2025-10-21 21:06:59,839 [WARN] DbFile:41 - Overriding database path with different value: C:\Users\User\.stmcufinder\plugins\mcufinder/ => C:\Users\User\.stmcufinder\plugins\mcufinder
2025-10-21 21:06:59,839 [INFO] DbMcusAds:125 - Set database path to: C:\Users\User\.stmcufinder\plugins\mcufinder//mcu/
2025-10-21 21:06:59,839 [WARN] DbFile:41 - Overriding database path with different value: C:\Users\User\.stmcufinder\plugins\mcufinder/ => C:\Users\User\.stmcufinder\plugins\mcufinder
2025-10-21 21:06:59,839 [WARN] DbFile:41 - Overriding database path with different value: C:\Users\User\.stmcufinder\plugins\mcufinder/ => C:\Users\User\.stmcufinder\plugins\mcufinder
2025-10-21 21:06:59,839 [INFO] CrossReferenceDbSqlite:203 - Set database path to: C:\Users\User\.stmcufinder\plugins\mcufinder//mcu/cs/
2025-10-21 21:06:59,972 [INFO] MainPanel:272 - HeapMemory: 268435456
2025-10-21 21:07:00,179 [INFO] DbMcusXml:78 - Set database path to: C:\ST\STM32CubeIDE_1.18.0\STM32CubeIDE\plugins\com.st.stm32cube.common.mx_6.14.1.202504091515\\db\/mcu/
2025-10-21 21:07:00,179 [INFO] ApiDb:274 - Set plugin database path to: C:\ST\STM32CubeIDE_1.18.0\STM32CubeIDE\plugins\com.st.stm32cube.common.mx_6.14.1.202504091515\\db\/plugins/boardmanager/
2025-10-21 21:07:00,179 [INFO] ApiDb:261 - Set plugin images path to: C:\ST\STM32CubeIDE_1.18.0\STM32CubeIDE\plugins\com.st.stm32cube.common.mx_6.14.1.202504091515\\db\/plugins/mcufinder/images/
2025-10-21 21:07:00,181 [WARN] DbFile:41 - Overriding database path with different value: C:\Users\User\.stmcufinder\plugins\mcufinder/ => C:\Users\User\.stmcufinder\plugins\mcufinder
2025-10-21 21:07:00,181 [INFO] ApiDb:250 - Set database path to: C:\Users\User\.stmcufinder\plugins\mcufinder//mcu/
2025-10-21 21:07:00,181 [WARN] DbFile:41 - Overriding database path with different value: C:\Users\User\.stmcufinder\plugins\mcufinder/ => C:\Users\User\.stmcufinder\plugins\mcufinder
2025-10-21 21:07:00,182 [INFO] DbMcusAds:125 - Set database path to: C:\Users\User\.stmcufinder\plugins\mcufinder//mcu/
2025-10-21 21:07:00,182 [WARN] DbFile:41 - Overriding database path with different value: C:\Users\User\.stmcufinder\plugins\mcufinder/ => C:\Users\User\.stmcufinder\plugins\mcufinder
2025-10-21 21:07:00,182 [WARN] DbFile:41 - Overriding database path with different value: C:\Users\User\.stmcufinder\plugins\mcufinder/ => C:\Users\User\.stmcufinder\plugins\mcufinder
2025-10-21 21:07:00,182 [INFO] CrossReferenceDbSqlite:203 - Set database path to: C:\Users\User\.stmcufinder\plugins\mcufinder//mcu/cs/
2025-10-21 21:07:00,211 [INFO] ApplicationProperties:184 - Using Application install path: C:\ST\STM32CubeIDE_1.18.0\STM32CubeIDE\plugins\com.st.stm32cube.common.mx_6.14.1.202504091515
2025-10-21 21:07:00,212 [INFO] PluginManage:196 - Search for loadable plugins [exclusion list=, ]
2025-10-21 21:07:00,214 [INFO] PluginManage:310 - Check plugin analytics
2025-10-21 21:07:00,476 [INFO] AnalyticsPlugin:253 - Accepted Software Licenses: 
2025-10-21 21:07:00,476 [INFO] AnalyticsPlugin:255 - Accepted CMSIS Pack Licenses: 
2025-10-21 21:07:00,477 [INFO] AnalyticsPlugin:257 - Accepted Firmware Licenses: FW.C0.1.1.0
2025-10-21 21:07:00,480 [INFO] PluginManage:359 - Loaded plugin analytics (category:tool,tabindex:-1)
2025-10-21 21:07:00,480 [INFO] PluginManage:310 - Check plugin cadmodel
2025-10-21 21:07:00,501 [INFO] CADModel:105 - Init CAD model plugin
2025-10-21 21:07:00,501 [INFO] PluginManage:359 - Loaded plugin cadmodel (category:power,tabindex:5)
2025-10-21 21:07:00,501 [INFO] PluginManage:310 - Check plugin clock
2025-10-21 21:07:00,514 [INFO] PluginManage:359 - Loaded plugin clock (category:base,tabindex:2)
2025-10-21 21:07:00,514 [INFO] PluginManage:310 - Check plugin ddr
2025-10-21 21:07:00,517 [INFO] PluginManage:359 - Loaded plugin ddr (category:tool,tabindex:6)
2025-10-21 21:07:00,517 [INFO] PluginManage:310 - Check plugin filemanager
2025-10-21 21:07:00,701 [INFO] PluginManage:359 - Loaded plugin filemanager (category:base,tabindex:10)
2025-10-21 21:07:00,701 [INFO] PluginManage:310 - Check plugin ipmanager
2025-10-21 21:07:00,709 [INFO] PluginManage:359 - Loaded plugin ipmanager (category:base,tabindex:5)
2025-10-21 21:07:00,709 [INFO] PluginManage:310 - Check plugin lpbam
2025-10-21 21:07:00,721 [INFO] PluginManage:359 - Loaded plugin lpbam (category:base,tabindex:0)
2025-10-21 21:07:00,721 [INFO] PluginManage:310 - Check plugin memorymap
2025-10-21 21:07:00,739 [INFO] PluginManage:359 - Loaded plugin memorymap (category:base,tabindex:4)
2025-10-21 21:07:00,739 [INFO] PluginManage:310 - Check plugin pinoutandconfiguration
2025-10-21 21:07:00,751 [INFO] PluginManage:359 - Loaded plugin pinoutandconfiguration (category:base,tabindex:1)
2025-10-21 21:07:00,751 [INFO] PluginManage:310 - Check plugin pinoutconfig
2025-10-21 21:07:00,879 [WARN] SupportedApi:132 - Cannot load RTOS API schema: s4s-elt-must-match.1: The content of 'definitions' must match (annotation?, (simpleType | complexType)?, (unique | key | keyref)*)). A problem was found starting at: attribute.
2025-10-21 21:07:01,047 [INFO] PluginManage:359 - Loaded plugin pinoutconfig (category:base,tabindex:0)
2025-10-21 21:07:01,048 [INFO] PluginManage:310 - Check plugin power
2025-10-21 21:07:01,067 [INFO] PluginManage:359 - Loaded plugin power (category:power,tabindex:4)
2025-10-21 21:07:01,067 [INFO] PluginManage:310 - Check plugin projectmanager
2025-10-21 21:07:01,088 [INFO] PluginManage:359 - Loaded plugin projectmanager (category:projectmanager,tabindex:4)
2025-10-21 21:07:01,088 [INFO] PluginManage:310 - Check plugin rif
2025-10-21 21:07:01,105 [INFO] PluginManage:359 - Loaded plugin rif (category:base,tabindex:3)
2025-10-21 21:07:01,105 [INFO] PluginManage:310 - Check plugin thirdparty
2025-10-21 21:07:01,300 [INFO] PluginManage:359 - Loaded plugin thirdparty (category:base,tabindex:-1)
2025-10-21 21:07:01,299 [WARN] IntegrityCheckThread:84 - waiting for thirdparty lock release [integrity check]
2025-10-21 21:07:01,300 [INFO] PluginManage:310 - Check plugin tools
2025-10-21 21:07:01,300 [INFO] IntegrityCheckThread:86 - entering critical section [integrity check]
2025-10-21 21:07:01,301 [INFO] ThirdPartyUpdaterWithRetryManager:70 - Updater plugin not ready yet. [1/15]
2025-10-21 21:07:01,305 [INFO] PluginManage:359 - Loaded plugin tools (category:base,tabindex:7)
2025-10-21 21:07:01,305 [INFO] PluginManage:310 - Check plugin tutovideos
2025-10-21 21:07:01,500 [INFO] PluginManage:359 - Loaded plugin tutovideos (category:base,tabindex:-1)
2025-10-21 21:07:01,500 [INFO] PluginManage:310 - Check plugin updater
2025-10-21 21:07:01,528 [INFO] PluginManage:359 - Loaded plugin updater (category:base,tabindex:12)
2025-10-21 21:07:01,528 [INFO] PluginManage:310 - Check plugin userauth
2025-10-21 21:07:01,532 [INFO] UserAuth:118 - Init User Auth plugin
2025-10-21 21:07:01,533 [INFO] PluginManage:359 - Loaded plugin userauth (category:base,tabindex:14)
2025-10-21 21:07:01,533 [INFO] PluginManage:283 - PluginManage : Loaded plugins [18]
2025-10-21 21:07:01,842 [INFO] PinOutPanel:1589 - setPackage(No Configuration,No Configuration)
2025-10-21 21:07:01,980 [INFO] CADModel:165 - CPN selected for project level
2025-10-21 21:07:01,982 [INFO] CADModel:114 - Register for checkConnection events
2025-10-21 21:07:02,004 [INFO] IPUIPlugin:80 - create IPUIPlugin
2025-10-21 21:07:02,004 [INFO] PluginManager:220 - loadIPPluginJar : add adc
2025-10-21 21:07:02,008 [INFO] IPUIPlugin:80 - create IPUIPlugin
2025-10-21 21:07:02,008 [INFO] PluginManager:220 - loadIPPluginJar : add aes
2025-10-21 21:07:02,013 [INFO] IPUIPlugin:80 - create IPUIPlugin
2025-10-21 21:07:02,013 [INFO] PluginManager:220 - loadIPPluginJar : add can
2025-10-21 21:07:02,016 [INFO] IPUIPlugin:80 - create IPUIPlugin
2025-10-21 21:07:02,016 [INFO] PluginManager:220 - loadIPPluginJar : add comp
2025-10-21 21:07:02,019 [INFO] IPUIPlugin:80 - create IPUIPlugin
2025-10-21 21:07:02,019 [INFO] PluginManager:220 - loadIPPluginJar : add cryp
2025-10-21 21:07:02,024 [INFO] IPUIPlugin:80 - create IPUIPlugin
2025-10-21 21:07:02,024 [INFO] PluginManager:220 - loadIPPluginJar : add ddr_ctrl_phy
2025-10-21 21:07:02,028 [INFO] IPUIPlugin:80 - create IPUIPlugin
2025-10-21 21:07:02,028 [INFO] PluginManager:220 - loadIPPluginJar : add dfsdm
2025-10-21 21:07:02,034 [INFO] IPUIPlugin:80 - create IPUIPlugin
2025-10-21 21:07:02,035 [INFO] PluginManager:220 - loadIPPluginJar : add dma
2025-10-21 21:07:02,039 [INFO] IPUIPlugin:80 - create IPUIPlugin
2025-10-21 21:07:02,039 [INFO] PluginManager:220 - loadIPPluginJar : add dma3
2025-10-21 21:07:02,044 [INFO] IPUIPlugin:80 - create IPUIPlugin
2025-10-21 21:07:02,044 [INFO] PluginManager:220 - loadIPPluginJar : add extmemmanager
2025-10-21 21:07:02,046 [INFO] IPUIPlugin:80 - create IPUIPlugin
2025-10-21 21:07:02,046 [INFO] PluginManager:220 - loadIPPluginJar : add fatfs
2025-10-21 21:07:02,052 [INFO] IPUIPlugin:80 - create IPUIPlugin
2025-10-21 21:07:02,052 [INFO] PluginManager:220 - loadIPPluginJar : add fmc
2025-10-21 21:07:02,061 [INFO] IPUIPlugin:80 - create IPUIPlugin
2025-10-21 21:07:02,061 [INFO] PluginManager:220 - loadIPPluginJar : add freertos
2025-10-21 21:07:02,064 [INFO] IPUIPlugin:80 - create IPUIPlugin
2025-10-21 21:07:02,064 [INFO] PluginManager:220 - loadIPPluginJar : add genericplugin
2025-10-21 21:07:02,068 [INFO] IPUIPlugin:80 - create IPUIPlugin
2025-10-21 21:07:02,068 [INFO] PluginManager:220 - loadIPPluginJar : add gfxmmu
2025-10-21 21:07:02,074 [INFO] IPUIPlugin:80 - create IPUIPlugin
2025-10-21 21:07:02,074 [INFO] PluginManager:220 - loadIPPluginJar : add gic
2025-10-21 21:07:02,079 [INFO] IPUIPlugin:80 - create IPUIPlugin
2025-10-21 21:07:02,079 [INFO] PluginManager:220 - loadIPPluginJar : add gpio
2025-10-21 21:07:02,083 [INFO] IPUIPlugin:80 - create IPUIPlugin
2025-10-21 21:07:02,083 [INFO] PluginManager:220 - loadIPPluginJar : add gtzc
2025-10-21 21:07:02,086 [INFO] IPUIPlugin:80 - create IPUIPlugin
2025-10-21 21:07:02,086 [INFO] PluginManager:220 - loadIPPluginJar : add hash
2025-10-21 21:07:02,090 [INFO] IPUIPlugin:80 - create IPUIPlugin
2025-10-21 21:07:02,090 [INFO] PluginManager:220 - loadIPPluginJar : add i2c
2025-10-21 21:07:02,093 [INFO] IPUIPlugin:80 - create IPUIPlugin
2025-10-21 21:07:02,093 [INFO] PluginManager:220 - loadIPPluginJar : add i2s
2025-10-21 21:07:02,097 [INFO] IPUIPlugin:80 - create IPUIPlugin
2025-10-21 21:07:02,097 [INFO] PluginManager:220 - loadIPPluginJar : add i3c
2025-10-21 21:07:02,100 [INFO] IPUIPlugin:80 - create IPUIPlugin
2025-10-21 21:07:02,101 [INFO] PluginManager:220 - loadIPPluginJar : add ipddr
2025-10-21 21:07:02,107 [INFO] IPUIPlugin:80 - create IPUIPlugin
2025-10-21 21:07:02,107 [INFO] PluginManager:220 - loadIPPluginJar : add linkedlist
2025-10-21 21:07:02,112 [INFO] IPUIPlugin:80 - create IPUIPlugin
2025-10-21 21:07:02,112 [INFO] PluginManager:220 - loadIPPluginJar : add lorawan
2025-10-21 21:07:02,114 [INFO] IPUIPlugin:80 - create IPUIPlugin
2025-10-21 21:07:02,115 [INFO] PluginManager:220 - loadIPPluginJar : add ltdc
2025-10-21 21:07:02,121 [INFO] IPUIPlugin:80 - create IPUIPlugin
2025-10-21 21:07:02,121 [INFO] PluginManager:220 - loadIPPluginJar : add mdma
2025-10-21 21:07:02,125 [INFO] IPUIPlugin:80 - create IPUIPlugin
2025-10-21 21:07:02,125 [INFO] PluginManager:220 - loadIPPluginJar : add nvic
2025-10-21 21:07:02,129 [INFO] IPUIPlugin:80 - create IPUIPlugin
2025-10-21 21:07:02,129 [INFO] PluginManager:220 - loadIPPluginJar : add opamp
2025-10-21 21:07:02,133 [INFO] IPUIPlugin:80 - create IPUIPlugin
2025-10-21 21:07:02,134 [INFO] PluginManager:220 - loadIPPluginJar : add openamp
2025-10-21 21:07:02,138 [INFO] IPUIPlugin:80 - create IPUIPlugin
2025-10-21 21:07:02,138 [INFO] PluginManager:220 - loadIPPluginJar : add pdm2pcm
2025-10-21 21:07:02,146 [INFO] IPUIPlugin:80 - create IPUIPlugin
2025-10-21 21:07:02,148 [INFO] PluginManager:220 - loadIPPluginJar : add plateformsettings
2025-10-21 21:07:02,152 [INFO] IPUIPlugin:80 - create IPUIPlugin
2025-10-21 21:07:02,152 [INFO] PluginManager:220 - loadIPPluginJar : add quadspi
2025-10-21 21:07:02,154 [INFO] IPUIPlugin:80 - create IPUIPlugin
2025-10-21 21:07:02,157 [INFO] PluginManager:220 - loadIPPluginJar : add radio
2025-10-21 21:07:02,162 [INFO] IPUIPlugin:80 - create IPUIPlugin
2025-10-21 21:07:02,162 [INFO] PluginManager:220 - loadIPPluginJar : add resmgrutility
2025-10-21 21:07:02,168 [INFO] IPUIPlugin:80 - create IPUIPlugin
2025-10-21 21:07:02,168 [INFO] PluginManager:220 - loadIPPluginJar : add sai
2025-10-21 21:07:02,173 [INFO] IPUIPlugin:80 - create IPUIPlugin
2025-10-21 21:07:02,173 [INFO] PluginManager:220 - loadIPPluginJar : add spi
2025-10-21 21:07:02,181 [INFO] IPUIPlugin:80 - create IPUIPlugin
2025-10-21 21:07:02,181 [INFO] PluginManager:220 - loadIPPluginJar : add stm32_wpan
2025-10-21 21:07:02,183 [INFO] IPUIPlugin:80 - create IPUIPlugin
2025-10-21 21:07:02,183 [INFO] PluginManager:220 - loadIPPluginJar : add tim
2025-10-21 21:07:02,189 [INFO] IPUIPlugin:80 - create IPUIPlugin
2025-10-21 21:07:02,189 [INFO] PluginManager:220 - loadIPPluginJar : add touchsensing
2025-10-21 21:07:02,192 [INFO] IPUIPlugin:80 - create IPUIPlugin
2025-10-21 21:07:02,192 [INFO] PluginManager:220 - loadIPPluginJar : add tracer_emb
2025-10-21 21:07:02,194 [INFO] IPUIPlugin:80 - create IPUIPlugin
2025-10-21 21:07:02,194 [INFO] PluginManager:220 - loadIPPluginJar : add ts
2025-10-21 21:07:02,196 [INFO] IPUIPlugin:80 - create IPUIPlugin
2025-10-21 21:07:02,196 [INFO] PluginManager:220 - loadIPPluginJar : add tsc
2025-10-21 21:07:02,199 [INFO] IPUIPlugin:80 - create IPUIPlugin
2025-10-21 21:07:02,199 [INFO] PluginManager:220 - loadIPPluginJar : add ucpd
2025-10-21 21:07:02,204 [INFO] IPUIPlugin:80 - create IPUIPlugin
2025-10-21 21:07:02,204 [INFO] PluginManager:220 - loadIPPluginJar : add usart
2025-10-21 21:07:02,208 [INFO] IPUIPlugin:80 - create IPUIPlugin
2025-10-21 21:07:02,209 [INFO] PluginManager:220 - loadIPPluginJar : add usbx
2025-10-21 21:07:02,372 [FATAL] Updater:351 - Updater called before beeing initialized
2025-10-21 21:07:02,404 [INFO] RulesReader:64 - Compatibility file has been processed (302 Rules)
2025-10-21 21:07:02,415 [INFO] RulesReader:64 - Compatibility file has been processed (302 Rules)
2025-10-21 21:07:02,424 [INFO] CADModel:165 - CPN selected for project level
2025-10-21 21:07:02,426 [INFO] CADModel:114 - Register for checkConnection events
2025-10-21 21:07:02,426 [FATAL] Updater:351 - Updater called before beeing initialized
2025-10-21 21:07:02,426 [ERROR] CADModel:125 - Updater not yet initialized, retry later 
2025-10-21 21:07:02,629 [FATAL] Updater:351 - Updater called before beeing initialized
2025-10-21 21:07:02,632 [INFO] CADModel:165 - CPN selected for project level
2025-10-21 21:07:02,632 [INFO] CADModel:114 - Register for checkConnection events
2025-10-21 21:07:02,632 [FATAL] Updater:351 - Updater called before beeing initialized
2025-10-21 21:07:02,632 [ERROR] CADModel:125 - Updater not yet initialized, retry later 
2025-10-21 21:07:02,636 [FATAL] Updater:351 - Updater called before beeing initialized
2025-10-21 21:07:02,782 [FATAL] Updater:351 - Updater called before beeing initialized
2025-10-21 21:07:02,786 [INFO] DbMcusAds:53 - JSON generation date=Thu Oct 02 06:36:05 BRT 2025 (1759397765645)
2025-10-21 21:07:02,786 [FATAL] Updater:351 - Updater called before beeing initialized
2025-10-21 21:07:02,847 [WARN] DetailPanel:346 - Failed to get advertising image, set to default
2025-10-21 21:07:03,149 [FATAL] Updater:351 - Updater called before beeing initialized
2025-10-21 21:07:03,152 [FATAL] Updater:351 - Updater called before beeing initialized
2025-10-21 21:07:03,152 [FATAL] Updater:351 - Updater called before beeing initialized
2025-10-21 21:07:03,152 [WARN] DetailPanel:346 - Failed to get advertising image, set to default
2025-10-21 21:07:03,153 [FATAL] Updater:351 - Updater called before beeing initialized
2025-10-21 21:07:03,221 [ERROR] Updater:1198 - MainUpdater not yet initialized. External WinMGr cannot be set.
2025-10-21 21:07:03,224 [INFO] Updater:1134 - Updater Version found : 6.14.1
2025-10-21 21:07:03,249 [INFO] ApplicationProperties:184 - Using Application install path: C:\ST\STM32CubeIDE_1.18.0\STM32CubeIDE\plugins\com.st.stm32cube.common.mx_6.14.1.202504091515
2025-10-21 21:07:04,022 [INFO] MainUpdater:2872 - connection check result : 10
2025-10-21 21:07:04,024 [INFO] MainUpdater:289 - Updater Check For Update Now.
2025-10-21 21:07:04,024 [INFO] MicroXplorer:498 - Change Database Version : DB.6.0.141
2025-10-21 21:07:04,033 [INFO] McuFinderGlobals:63 - Set McuFinder mode to 2 (CubeIDE integrated)
2025-10-21 21:07:04,035 [INFO] UserAuth:484 - Internet connection configuration mode: 1
2025-10-21 21:07:04,071 [INFO] JxBrowserEngine:152 - Initiate JxBrowser Engine with user profile folder
2025-10-21 21:07:04,218 [INFO] CheckServerUpdateThread:120 - End of CheckServer Thread
2025-10-21 21:07:04,743 [WARN] PackLoader:240 - Cannot read IP mode file for STMicroelectronics.FP-SNS-MOTENVWB1.1.4.0
2025-10-21 21:07:04,849 [WARN] PackLoader:240 - Cannot read IP mode file for STMicroelectronics.FP-ATR-ASTRA1.2.0.2
2025-10-21 21:07:05,172 [WARN] PackLoader:240 - Cannot read IP mode file for STMicroelectronics.FP-ATR-ASTRA1.2.0.1
2025-10-21 21:07:05,185 [WARN] PackLoader:240 - Cannot read IP mode file for STMicroelectronics.X-CUBE-SMBUS.2.1.0
2025-10-21 21:07:05,198 [WARN] PackLoader:240 - Cannot read IP mode file for STMicroelectronics.X-CUBE-WB05N.1.1.0
2025-10-21 21:07:05,214 [WARN] PackLoader:240 - Cannot read IP mode file for STMicroelectronics.X-CUBE-ST60.1.0.0
2025-10-21 21:07:05,229 [WARN] PackLoader:240 - Cannot read IP mode file for STMicroelectronics.X-CUBE-TOUCHGFX.4.23.0
2025-10-21 21:07:05,236 [WARN] PackLoader:240 - Cannot read IP mode file for STMicroelectronics.X-CUBE-TOUCHGFX.4.23.2
2025-10-21 21:07:05,269 [WARN] PackLoader:240 - Cannot read IP mode file for STMicroelectronics.X-CUBE-AZRTOS-F7.1.1.0
2025-10-21 21:07:05,281 [WARN] PackLoader:240 - Cannot read IP mode file for STMicroelectronics.FP-SNS-MOTENV1.4.3.2
2025-10-21 21:07:05,371 [WARN] PackLoader:240 - Cannot read IP mode file for STMicroelectronics.X-CUBE-MEMS1.11.0.0
2025-10-21 21:07:05,600 [WARN] PackLoader:240 - Cannot read IP mode file for STMicroelectronics.FP-SNS-FLIGHT1.5.0.2
2025-10-21 21:07:05,668 [WARN] PackLoader:240 - Cannot read IP mode file for STMicroelectronics.X-CUBE-AZRTOS-H7.3.4.0
2025-10-21 21:07:05,702 [WARN] PackLoader:240 - Cannot read IP mode file for STMicroelectronics.X-CUBE-DISPLAY.3.0.0
2025-10-21 21:07:05,724 [WARN] PackLoader:240 - Cannot read IP mode file for STMicroelectronics.X-CUBE-BLE1.7.0.0
2025-10-21 21:07:05,764 [WARN] PackLoader:240 - Cannot read IP mode file for STMicroelectronics.X-CUBE-NFC10.1.0.0
2025-10-21 21:07:05,794 [WARN] PackLoader:240 - Cannot read IP mode file for STMicroelectronics.X-CUBE-BLEMGR.4.0.0
2025-10-21 21:07:05,839 [WARN] PackLoader:240 - Cannot read IP mode file for STMicroelectronics.X-CUBE-ST60.1.1.0
2025-10-21 21:07:05,880 [WARN] PackLoader:240 - Cannot read IP mode file for emotas.I-CUBE-CANOPEN.1.3.0
2025-10-21 21:07:05,900 [WARN] PackLoader:240 - Cannot read IP mode file for STMicroelectronics.X-CUBE-BLEMGR.3.1.0
2025-10-21 21:07:05,916 [WARN] PackLoader:240 - Cannot read IP mode file for STMicroelectronics.X-CUBE-AI.10.0.0
2025-10-21 21:07:05,939 [ERROR] Engine:466 - C:\Users\User\.stm32cubemx\thirdparties\pdsc\STMicroelectronics.FP-SNS-STBOX1.2.1.0.pdsc: PDSC version is not supported
2025-10-21 21:07:05,966 [WARN] PackLoader:240 - Cannot read IP mode file for STMicroelectronics.FP-SNS-SMARTAG2.1.2.0
2025-10-21 21:07:05,978 [WARN] PackLoader:240 - Cannot read IP mode file for STMicroelectronics.FP-SNS-FLIGHT1.5.1.0
2025-10-21 21:07:06,049 [WARN] PackLoader:240 - Cannot read IP mode file for STMicroelectronics.X-CUBE-MEMS1.11.1.0
2025-10-21 21:07:06,203 [INFO] LogOutputStream:77 - [STDOUT_REDIRECT] 1 : Invalid condition id : UX_CORESTACK_Condition cause : null
2025-10-21 21:07:06,204 [INFO] LogOutputStream:77 - [STDOUT_REDIRECT] 1 : Invalid condition id : UX_CORESTACK_Condition cause : null
2025-10-21 21:07:06,205 [INFO] LogOutputStream:77 - [STDOUT_REDIRECT] 1 : Invalid condition id : UX_CORESTACK_Condition cause : null
2025-10-21 21:07:06,207 [INFO] LogOutputStream:77 - [STDOUT_REDIRECT] 1 : Invalid condition id : UX_CORESTACK_Condition cause : null
2025-10-21 21:07:06,208 [INFO] LogOutputStream:77 - [STDOUT_REDIRECT] 1 : Invalid condition id : UX_CORESTACK_Condition cause : null
2025-10-21 21:07:06,211 [WARN] PackLoader:240 - Cannot read IP mode file for STMicroelectronics.X-CUBE-AZRTOS-WL.2.0.0
2025-10-21 21:07:06,224 [WARN] PackLoader:240 - Cannot read IP mode file for STMicroelectronics.FP-SNS-MOTENV1.5.0.0
2025-10-21 21:07:06,257 [WARN] PackLoader:240 - Cannot read IP mode file for wolfSSL.I-CUBE-wolfMQTT.1.19.0
2025-10-21 21:07:06,273 [WARN] PackLoader:240 - Cannot read IP mode file for WES.I-CUBE-Cesium.1.3.0
2025-10-21 21:07:06,287 [WARN] PackLoader:240 - Cannot read IP mode file for STMicroelectronics.X-CUBE-BLE2.3.3.0
2025-10-21 21:07:06,300 [WARN] PackLoader:240 - Cannot read IP mode file for STMicroelectronics.X-CUBE-NFC9.1.0.0
2025-10-21 21:07:06,318 [WARN] PackLoader:240 - Cannot read IP mode file for STMicroelectronics.X-CUBE-BLE1.7.1.0
2025-10-21 21:07:06,325 [WARN] PackLoader:240 - Cannot read IP mode file for STMicroelectronics.X-CUBE-TCPP.4.1.0
2025-10-21 21:07:06,336 [WARN] PackLoader:240 - Cannot read IP mode file for STMicroelectronics.X-CUBE-EEPRMA1.5.2.0
2025-10-21 21:07:06,342 [ERROR] Engine:466 - C:\Users\User\.stm32cubemx\thirdparties\pdsc\STMicroelectronics.X-CUBE-ST67W61.1.1.0.pdsc: PDSC version is not supported
2025-10-21 21:07:06,347 [WARN] PackLoader:240 - Cannot read IP mode file for STMicroelectronics.X-CUBE-AI.10.1.0
2025-10-21 21:07:06,355 [WARN] PackLoader:240 - Cannot read IP mode file for STMicroelectronics.X-CUBE-ALGOBUILD.1.3.0
2025-10-21 21:07:06,410 [WARN] PackLoader:240 - Cannot read IP mode file for STMicroelectronics.X-CUBE-MEMS1.11.2.0
2025-10-21 21:07:06,474 [INFO] WebApp:169 - Instantiating new browser for Auth
2025-10-21 21:07:06,603 [WARN] PackLoader:240 - Cannot read IP mode file for STMicroelectronics.X-CUBE-AZRTOS-G0.1.1.0
2025-10-21 21:07:06,624 [WARN] PackLoader:240 - Cannot read IP mode file for STMicroelectronics.X-CUBE-SAFEA1.1.2.2
2025-10-21 21:07:06,649 [WARN] PackLoader:240 - Cannot read IP mode file for STMicroelectronics.X-CUBE-NFC4.3.0.0
2025-10-21 21:07:06,680 [WARN] PackLoader:240 - Cannot read IP mode file for EmbeddedOffice.I-CUBE-FS-RTOS.1.0.1
2025-10-21 21:07:06,714 [WARN] PackLoader:240 - Cannot read IP mode file for STMicroelectronics.X-CUBE-WB05N.2.0.0
2025-10-21 21:07:06,748 [WARN] PackLoader:240 - Cannot read IP mode file for STMicroelectronics.X-CUBE-BLEMGR.3.0.0
2025-10-21 21:07:06,776 [WARN] PackLoader:240 - Cannot read IP mode file for STMicroelectronics.X-CUBE-TCPP.4.2.0
2025-10-21 21:07:06,807 [WARN] PackLoader:240 - Cannot read IP mode file for RealThread.X-CUBE-RT-Thread_Nano.4.1.1
2025-10-21 21:07:06,825 [WARN] PackLoader:240 - Cannot read IP mode file for wolfSSL.I-CUBE-wolfSSL.5.7.0
2025-10-21 21:07:06,843 [WARN] PackLoader:240 - Cannot read IP mode file for STMicroelectronics.FP-ATR-SIGFOX1.3.2.0
2025-10-21 21:07:06,855 [WARN] ConditionMgr:438 - getConditionDescription Invalid condition id : Cortex-A Device cause : null
2025-10-21 21:07:06,928 [WARN] ConditionMgr:1044 - genDependencies : Invalid condition id : Cortex-A Device cause : null
2025-10-21 21:07:06,928 [WARN] ConditionMgr:1044 - genDependencies : Invalid condition id : Cortex-A Device cause : null
2025-10-21 21:07:06,928 [WARN] ConditionMgr:1044 - genDependencies : Invalid condition id : Cortex-A Device cause : null
2025-10-21 21:07:06,960 [WARN] PackLoader:240 - Cannot read IP mode file for STMicroelectronics.X-CUBE-EEPRMA1.5.1.0
2025-10-21 21:07:06,978 [WARN] PackLoader:240 - Cannot read IP mode file for ITTIA_DB.I-CUBE-ITTIADB.8.9.0
2025-10-21 21:07:07,008 [WARN] PackLoader:240 - Cannot read IP mode file for STMicroelectronics.X-CUBE-ST67W61.1.0.0
2025-10-21 21:07:07,041 [WARN] PackLoader:240 - Cannot read IP mode file for STMicroelectronics.X-CUBE-AI.10.2.0
2025-10-21 21:07:07,105 [WARN] PackLoader:240 - Cannot read IP mode file for SEGGER.I-CUBE-embOS.1.3.1
2025-10-21 21:07:07,164 [WARN] PackLoader:240 - Cannot read IP mode file for STMicroelectronics.X-CUBE-ALGOBUILD.1.4.0
2025-10-21 21:07:07,280 [WARN] PackLoader:240 - Cannot read IP mode file for STMicroelectronics.X-CUBE-MEMS1.11.3.0
2025-10-21 21:07:07,437 [WARN] PackLoader:240 - Cannot read IP mode file for STMicroelectronics.X-CUBE-AI.9.1.0
2025-10-21 21:07:07,443 [WARN] PackLoader:240 - Cannot read IP mode file for STMicroelectronics.X-CUBE-PM33A1.1.0.0
2025-10-21 21:07:07,449 [WARN] PackLoader:240 - Cannot read IP mode file for STMicroelectronics.X-CUBE-GNSS1.6.0.0
2025-10-21 21:07:07,466 [WARN] PackLoader:240 - Cannot read IP mode file for STMicroelectronics.X-CUBE-AZRTOS-F4.1.1.0
2025-10-21 21:07:07,476 [WARN] PackLoader:240 - Cannot read IP mode file for Avnet-IotConnect.X-CUBE-IoTC-DA16k-PMOD.1.0.0
2025-10-21 21:07:07,481 [WARN] PackLoader:240 - Cannot read IP mode file for STMicroelectronics.X-CUBE-ISPU.2.1.0
2025-10-21 21:07:07,487 [ERROR] Engine:466 - C:\Users\User\.stm32cubemx\thirdparties\pdsc\STMicroelectronics.X-CUBE-IPS.3.2.0.pdsc: PDSC version is not supported
2025-10-21 21:07:07,494 [WARN] PackLoader:240 - Cannot read IP mode file for STMicroelectronics.X-CUBE-FREERTOS.1.2.0
2025-10-21 21:07:07,501 [WARN] PackLoader:240 - Cannot read IP mode file for STMicroelectronics.X-CUBE-NFC12.1.0.0
2025-10-21 21:07:07,517 [WARN] PackLoader:240 - Cannot read IP mode file for STMicroelectronics.X-CUBE-AZRTOS-L5.2.0.0
2025-10-21 21:07:07,524 [WARN] PackLoader:240 - Cannot read IP mode file for STMicroelectronics.X-CUBE-EEPRMA1.4.2.0
2025-10-21 21:07:07,538 [WARN] PackLoader:240 - Cannot read IP mode file for STMicroelectronics.X-CUBE-NFC6.3.1.0
2025-10-21 21:07:07,547 [WARN] PackLoader:240 - Cannot read IP mode file for STMicroelectronics.X-CUBE-DPower.1.2.0
2025-10-21 21:07:07,552 [WARN] PackLoader:240 - Cannot read IP mode file for STMicroelectronics.X-CUBE-AI.9.0.0
2025-10-21 21:07:07,559 [WARN] PackLoader:240 - Cannot read IP mode file for STMicroelectronics.X-CUBE-FREERTOS.1.3.1
2025-10-21 21:07:07,564 [WARN] PackLoader:240 - Cannot read IP mode file for STMicroelectronics.X-CUBE-FREERTOS.1.3.0
2025-10-21 21:07:07,575 [WARN] PackLoader:240 - Cannot read IP mode file for STMicroelectronics.X-CUBE-NFC7.1.0.1
2025-10-21 21:07:07,580 [WARN] PackLoader:240 - Cannot read IP mode file for STMicroelectronics.X-CUBE-TOUCHGFX.4.26.0
2025-10-21 21:07:07,591 [WARN] PackLoader:240 - Cannot read IP mode file for STMicroelectronics.X-CUBE-NFC6.3.0.0
2025-10-21 21:07:07,598 [WARN] PackLoader:240 - Cannot read IP mode file for STMicroelectronics.X-CUBE-DPower.1.3.0
2025-10-21 21:07:07,604 [WARN] PackLoader:240 - Cannot read IP mode file for STMicroelectronics.X-CUBE-AI.8.1.0
2025-10-21 21:07:07,622 [WARN] ConditionMgr:438 - getConditionDescription Invalid condition id : LAN8742 Phy interface Condition cause : null
2025-10-21 21:07:07,622 [WARN] PackLoader:240 - Cannot read IP mode file for STMicroelectronics.X-CUBE-AZRTOS-L4.2.0.0
2025-10-21 21:07:07,623 [WARN] ConditionMgr:1044 - genDependencies : Invalid condition id : LAN8742 Phy interface Condition cause : null
2025-10-21 21:07:07,624 [WARN] ConditionMgr:1044 - genDependencies : Invalid condition id : LAN8742 Phy interface Condition cause : null
2025-10-21 21:07:07,624 [WARN] ConditionMgr:1044 - genDependencies : Invalid condition id : LAN8742 Phy interface Condition cause : null
2025-10-21 21:07:07,632 [WARN] PackLoader:240 - Cannot read IP mode file for STMicroelectronics.X-CUBE-SFXS2LP1.4.0.0
2025-10-21 21:07:07,663 [WARN] PackLoader:240 - Cannot read IP mode file for STMicroelectronics.X-CUBE-AZRTOS-H7.3.3.0
2025-10-21 21:07:07,692 [WARN] PackLoader:240 - Cannot read IP mode file for STMicroelectronics.X-CUBE-BLEMGR.4.1.0
2025-10-21 21:07:07,709 [WARN] PackLoader:240 - Cannot read IP mode file for STMicroelectronics.X-CUBE-IPS.3.0.0
2025-10-21 21:07:07,726 [WARN] ConditionMgr:438 - getConditionDescription Invalid condition id : UX DEVICE CLASS RTOS Condition cause : null
2025-10-21 21:07:07,726 [WARN] ConditionMgr:438 - getConditionDescription Invalid condition id : UX DEVICE CLASS RTOS Condition cause : null
2025-10-21 21:07:07,729 [WARN] PackLoader:240 - Cannot read IP mode file for STMicroelectronics.X-CUBE-AZRTOS-WB.2.0.0
2025-10-21 21:07:07,729 [WARN] ConditionMgr:1044 - genDependencies : Invalid condition id : UX DEVICE CLASS RTOS Condition cause : null
2025-10-21 21:07:07,729 [WARN] ConditionMgr:1044 - genDependencies : Invalid condition id : UX DEVICE CLASS RTOS Condition cause : null
2025-10-21 21:07:07,730 [WARN] ConditionMgr:1044 - genDependencies : Invalid condition id : UX DEVICE CLASS RTOS Condition cause : null
2025-10-21 21:07:07,730 [WARN] ConditionMgr:1044 - genDependencies : Invalid condition id : UX DEVICE CLASS RTOS Condition cause : null
2025-10-21 21:07:07,730 [WARN] ConditionMgr:1044 - genDependencies : Invalid condition id : UX DEVICE CLASS RTOS Condition cause : null
2025-10-21 21:07:07,735 [WARN] PackLoader:240 - Cannot read IP mode file for STMicroelectronics.X-CUBE-GNSS1.7.0.0
2025-10-21 21:07:07,742 [WARN] PackLoader:240 - Cannot read IP mode file for STMicroelectronics.X-CUBE-GNSS1.7.0.1
2025-10-21 21:07:07,750 [WARN] PackLoader:240 - Cannot read IP mode file for STMicroelectronics.X-CUBE-TOUCHGFX.4.25.0
2025-10-21 21:07:07,757 [WARN] PackLoader:240 - Cannot read IP mode file for STMicroelectronics.FP-SNS-STBOX1.2.0.0
2025-10-21 21:07:07,771 [WARN] PackLoader:240 - Cannot read IP mode file for STMicroelectronics.X-CUBE-SUBG2.5.0.0
2025-10-21 21:07:07,806 [WARN] PackLoader:240 - Cannot read IP mode file for STMicroelectronics.X-CUBE-AZRTOS-H7RS.1.1.0
2025-10-21 21:07:07,828 [WARN] PackLoader:240 - Cannot read IP mode file for Cesanta.I-CUBE-Mongoose.7.13.0
2025-10-21 21:07:07,846 [WARN] PackLoader:240 - Cannot read IP mode file for STMicroelectronics.X-CUBE-AZRTOS-G4.2.0.0
2025-10-21 21:07:07,852 [WARN] PackLoader:240 - Cannot read IP mode file for STMicroelectronics.X-CUBE-NFC7.2.0.0
2025-10-21 21:07:07,856 [WARN] PackLoader:240 - Cannot read IP mode file for STMicroelectronics.FP-SNS-MOTENVWB1.1.3.1
2025-10-21 21:07:07,861 [WARN] PackLoader:240 - Cannot read IP mode file for STMicroelectronics.X-CUBE-ISPU.2.0.0
2025-10-21 21:07:07,869 [WARN] PackLoader:240 - Cannot read IP mode file for STMicroelectronics.X-CUBE-IPS.3.1.0
2025-10-21 21:07:07,880 [WARN] PackLoader:240 - Cannot read IP mode file for STMicroelectronics.X-CUBE-ALS.1.0.2
2025-10-21 21:07:07,918 [WARN] PackLoader:240 - Cannot read IP mode file for STMicroelectronics.X-CUBE-MEMS1.10.0.0
2025-10-21 21:07:08,030 [WARN] PackLoader:240 - Cannot read IP mode file for STMicroelectronics.X-CUBE-FREERTOS.1.1.0
2025-10-21 21:07:08,034 [WARN] PackLoader:240 - Cannot read IP mode file for STMicroelectronics.X-CUBE-TOUCHGFX.4.24.0
2025-10-21 21:07:08,039 [WARN] PackLoader:240 - Cannot read IP mode file for STMicroelectronics.X-CUBE-TOUCHGFX.4.24.2
2025-10-21 21:07:08,043 [WARN] PackLoader:240 - Cannot read IP mode file for STMicroelectronics.X-CUBE-TOUCHGFX.4.24.1
2025-10-21 21:07:08,051 [WARN] PackLoader:240 - Cannot read IP mode file for STMicroelectronics.X-CUBE-STSE01.1.0.0
2025-10-21 21:07:08,058 [WARN] PackLoader:240 - Cannot read IP mode file for wolfSSL.I-CUBE-wolfTPM.3.4.0
2025-10-21 21:07:08,065 [WARN] PackLoader:240 - Cannot read IP mode file for portGmbH.I-Cube-SoM-uGOAL.1.1.0
2025-10-21 21:07:08,073 [WARN] PackLoader:240 - Cannot read IP mode file for STMicroelectronics.X-CUBE-ALS.1.0.1
2025-10-21 21:07:08,097 [WARN] PackLoader:240 - Cannot read IP mode file for STMicroelectronics.X-CUBE-AZRTOS-H7RS.1.0.0
2025-10-21 21:07:08,112 [WARN] PackLoader:240 - Cannot read IP mode file for STMicroelectronics.FP-ATR-ASTRA1.2.0.0
2025-10-21 21:07:08,144 [WARN] PackLoader:240 - Cannot read IP mode file for STMicroelectronics.X-CUBE-TOF1.3.4.2
2025-10-21 21:07:08,191 [WARN] PackLoader:240 - Cannot read IP mode file for STMicroelectronics.X-CUBE-TOF1.3.4.3
2025-10-21 21:07:08,228 [WARN] PackLoader:240 - Cannot read IP mode file for STMicroelectronics.X-CUBE-TOF1.3.4.0
2025-10-21 21:07:08,266 [WARN] PackLoader:240 - Cannot read IP mode file for STMicroelectronics.X-CUBE-TOF1.3.4.1
2025-10-21 21:07:08,332 [WARN] PackLoader:240 - Cannot read IP mode file for STMicroelectronics.X-CUBE-AZRTOS-H7.3.2.0
2025-10-21 21:07:08,388 [WARN] PackLoader:240 - Cannot read IP mode file for Infineon.AIROC-Wi-Fi-Bluetooth-STM32.1.6.0
2025-10-21 21:07:08,407 [INFO] WebApp:463 - Apply proxy settings
2025-10-21 21:07:08,409 [INFO] WebApp:548 - Chromium requires no authentication
2025-10-21 21:07:08,418 [WARN] PackLoader:240 - Cannot read IP mode file for wolfSSL.I-CUBE-wolfSSH.1.4.17
2025-10-21 21:07:08,419 [INFO] ThirdParty:978 - Integrity check success = true
2025-10-21 21:07:08,419 [INFO] IntegrityCheckThread:100 - exiting critical section [integrity check]
2025-10-21 21:07:08,419 [INFO] IntegrityCheckThread:103 - End integrity checks thread
2025-10-21 21:07:08,464 [INFO] WebApp:491 - Direct internet connection detected
2025-10-21 21:07:08,568 [INFO] WebApp:894 - Register for checkConnection events
2025-10-21 21:07:08,568 [INFO] WebApp:463 - Apply proxy settings
2025-10-21 21:07:08,568 [INFO] WebApp:548 - Chromium requires no authentication
2025-10-21 21:07:08,569 [INFO] WebApp:491 - Direct internet connection detected
2025-10-21 21:07:08,994 [INFO] WebApp:191 - Connection restablished
2025-10-21 21:07:09,101 [INFO] WebApp:225 - Starting web application
2025-10-21 21:07:09,101 [INFO] WebApp:593 - Web application path used C:\ST\STM32CubeIDE_1.18.0\STM32CubeIDE\plugins\com.st.stm32cube.common.mx_6.14.1.202504091515\db\plugins\mcufinder\reactClient1\index.html
2025-10-21 21:07:09,297 [INFO] UserAuth:484 - Internet connection configuration mode: 1
2025-10-21 21:42:50,475 [INFO] WebApp:403 - JxBrowser engine has been closed 
