2025-10-24 20:55:42,530 [INFO] Activator:176 - 


2025-10-24 20:55:42,541 [INFO] Activator:177 - !SESSION log4j initialized
2025-10-24 20:55:50,335 [INFO] LogOutputStream:77 - [STDOUT_REDIRECT] 
2025-10-24 20:55:52,341 [INFO] ApplicationProperties:184 - Using Application install path: C:\ST\STM32CubeIDE_1.18.0\STM32CubeIDE\plugins\com.st.stm32cube.common.mx_6.14.1.202504091515
2025-10-24 20:55:52,388 [INFO] DbMcusXml:78 - Set database path to: C:\ST\STM32CubeIDE_1.18.0\STM32CubeIDE\plugins\com.st.stm32cube.common.mx_6.14.1.202504091515\\db\/mcu/
2025-10-24 20:55:52,388 [INFO] ApiDb:274 - Set plugin database path to: C:\ST\STM32CubeIDE_1.18.0\STM32CubeIDE\plugins\com.st.stm32cube.common.mx_6.14.1.202504091515\\db\/plugins/boardmanager/
2025-10-24 20:55:52,389 [WARN] ApiDb:259 - Overriding images path with different value:  => C:\ST\STM32CubeIDE_1.18.0\STM32CubeIDE\plugins\com.st.stm32cube.common.mx_6.14.1.202504091515\\db\/plugins/mcufinder/images/
2025-10-24 20:55:52,418 [INFO] ApiDb:250 - Set database path to: C:\Users\User\.stmcufinder\plugins\mcufinder//mcu/
2025-10-24 20:55:52,420 [INFO] DbMcusAds:125 - Set database path to: C:\Users\User\.stmcufinder\plugins\mcufinder//mcu/
2025-10-24 20:55:52,423 [INFO] CrossReferenceDbSqlite:203 - Set database path to: C:\Users\User\.stmcufinder\plugins\mcufinder//mcu/cs/
2025-10-24 20:55:52,573 [INFO] RulesReader:64 - Compatibility file has been processed (302 Rules)
2025-10-24 20:55:52,849 [INFO] DbMcusXml:78 - Set database path to: C:\ST\STM32CubeIDE_1.18.0\STM32CubeIDE\plugins\com.st.stm32cube.common.mx_6.14.1.202504091515\\db\/mcu/
2025-10-24 20:55:52,849 [INFO] ApiDb:274 - Set plugin database path to: C:\ST\STM32CubeIDE_1.18.0\STM32CubeIDE\plugins\com.st.stm32cube.common.mx_6.14.1.202504091515\\db\/plugins/boardmanager/
2025-10-24 20:55:52,849 [INFO] ApiDb:261 - Set plugin images path to: C:\ST\STM32CubeIDE_1.18.0\STM32CubeIDE\plugins\com.st.stm32cube.common.mx_6.14.1.202504091515\\db\/plugins/mcufinder/images/
2025-10-24 20:55:52,849 [WARN] DbFile:41 - Overriding database path with different value: C:\Users\User\.stmcufinder\plugins\mcufinder/ => C:\Users\User\.stmcufinder\plugins\mcufinder
2025-10-24 20:55:52,849 [INFO] ApiDb:250 - Set database path to: C:\Users\User\.stmcufinder\plugins\mcufinder//mcu/
2025-10-24 20:55:52,850 [WARN] DbFile:41 - Overriding database path with different value: C:\Users\User\.stmcufinder\plugins\mcufinder/ => C:\Users\User\.stmcufinder\plugins\mcufinder
2025-10-24 20:55:52,850 [INFO] DbMcusAds:125 - Set database path to: C:\Users\User\.stmcufinder\plugins\mcufinder//mcu/
2025-10-24 20:55:52,850 [WARN] DbFile:41 - Overriding database path with different value: C:\Users\User\.stmcufinder\plugins\mcufinder/ => C:\Users\User\.stmcufinder\plugins\mcufinder
2025-10-24 20:55:52,850 [WARN] DbFile:41 - Overriding database path with different value: C:\Users\User\.stmcufinder\plugins\mcufinder/ => C:\Users\User\.stmcufinder\plugins\mcufinder
2025-10-24 20:55:52,850 [INFO] CrossReferenceDbSqlite:203 - Set database path to: C:\Users\User\.stmcufinder\plugins\mcufinder//mcu/cs/
2025-10-24 20:55:52,962 [INFO] MainPanel:272 - HeapMemory: 268435456
2025-10-24 20:55:53,177 [INFO] DbMcusXml:78 - Set database path to: C:\ST\STM32CubeIDE_1.18.0\STM32CubeIDE\plugins\com.st.stm32cube.common.mx_6.14.1.202504091515\\db\/mcu/
2025-10-24 20:55:53,178 [INFO] ApiDb:274 - Set plugin database path to: C:\ST\STM32CubeIDE_1.18.0\STM32CubeIDE\plugins\com.st.stm32cube.common.mx_6.14.1.202504091515\\db\/plugins/boardmanager/
2025-10-24 20:55:53,178 [INFO] ApiDb:261 - Set plugin images path to: C:\ST\STM32CubeIDE_1.18.0\STM32CubeIDE\plugins\com.st.stm32cube.common.mx_6.14.1.202504091515\\db\/plugins/mcufinder/images/
2025-10-24 20:55:53,178 [WARN] DbFile:41 - Overriding database path with different value: C:\Users\User\.stmcufinder\plugins\mcufinder/ => C:\Users\User\.stmcufinder\plugins\mcufinder
2025-10-24 20:55:53,179 [INFO] ApiDb:250 - Set database path to: C:\Users\User\.stmcufinder\plugins\mcufinder//mcu/
2025-10-24 20:55:53,179 [WARN] DbFile:41 - Overriding database path with different value: C:\Users\User\.stmcufinder\plugins\mcufinder/ => C:\Users\User\.stmcufinder\plugins\mcufinder
2025-10-24 20:55:53,179 [INFO] DbMcusAds:125 - Set database path to: C:\Users\User\.stmcufinder\plugins\mcufinder//mcu/
2025-10-24 20:55:53,179 [WARN] DbFile:41 - Overriding database path with different value: C:\Users\User\.stmcufinder\plugins\mcufinder/ => C:\Users\User\.stmcufinder\plugins\mcufinder
2025-10-24 20:55:53,179 [WARN] DbFile:41 - Overriding database path with different value: C:\Users\User\.stmcufinder\plugins\mcufinder/ => C:\Users\User\.stmcufinder\plugins\mcufinder
2025-10-24 20:55:53,179 [INFO] CrossReferenceDbSqlite:203 - Set database path to: C:\Users\User\.stmcufinder\plugins\mcufinder//mcu/cs/
2025-10-24 20:55:53,211 [INFO] ApplicationProperties:184 - Using Application install path: C:\ST\STM32CubeIDE_1.18.0\STM32CubeIDE\plugins\com.st.stm32cube.common.mx_6.14.1.202504091515
2025-10-24 20:55:53,213 [INFO] PluginManage:196 - Search for loadable plugins [exclusion list=, ]
2025-10-24 20:55:53,215 [INFO] PluginManage:310 - Check plugin analytics
2025-10-24 20:55:53,458 [INFO] AnalyticsPlugin:253 - Accepted Software Licenses: 
2025-10-24 20:55:53,458 [INFO] AnalyticsPlugin:255 - Accepted CMSIS Pack Licenses: 
2025-10-24 20:55:53,459 [INFO] AnalyticsPlugin:257 - Accepted Firmware Licenses: FW.C0.1.1.0
2025-10-24 20:55:53,462 [INFO] PluginManage:359 - Loaded plugin analytics (category:tool,tabindex:-1)
2025-10-24 20:55:53,463 [INFO] PluginManage:310 - Check plugin cadmodel
2025-10-24 20:55:53,471 [INFO] CADModel:105 - Init CAD model plugin
2025-10-24 20:55:53,472 [INFO] PluginManage:359 - Loaded plugin cadmodel (category:power,tabindex:5)
2025-10-24 20:55:53,472 [INFO] PluginManage:310 - Check plugin clock
2025-10-24 20:55:53,484 [INFO] PluginManage:359 - Loaded plugin clock (category:base,tabindex:2)
2025-10-24 20:55:53,484 [INFO] PluginManage:310 - Check plugin ddr
2025-10-24 20:55:53,487 [INFO] PluginManage:359 - Loaded plugin ddr (category:tool,tabindex:6)
2025-10-24 20:55:53,488 [INFO] PluginManage:310 - Check plugin filemanager
2025-10-24 20:55:53,678 [INFO] PluginManage:359 - Loaded plugin filemanager (category:base,tabindex:10)
2025-10-24 20:55:53,678 [INFO] PluginManage:310 - Check plugin ipmanager
2025-10-24 20:55:53,686 [INFO] PluginManage:359 - Loaded plugin ipmanager (category:base,tabindex:5)
2025-10-24 20:55:53,686 [INFO] PluginManage:310 - Check plugin lpbam
2025-10-24 20:55:53,697 [INFO] PluginManage:359 - Loaded plugin lpbam (category:base,tabindex:0)
2025-10-24 20:55:53,698 [INFO] PluginManage:310 - Check plugin memorymap
2025-10-24 20:55:53,715 [INFO] PluginManage:359 - Loaded plugin memorymap (category:base,tabindex:4)
2025-10-24 20:55:53,716 [INFO] PluginManage:310 - Check plugin pinoutandconfiguration
2025-10-24 20:55:53,730 [INFO] PluginManage:359 - Loaded plugin pinoutandconfiguration (category:base,tabindex:1)
2025-10-24 20:55:53,730 [INFO] PluginManage:310 - Check plugin pinoutconfig
2025-10-24 20:55:53,850 [WARN] SupportedApi:132 - Cannot load RTOS API schema: s4s-elt-must-match.1: The content of 'definitions' must match (annotation?, (simpleType | complexType)?, (unique | key | keyref)*)). A problem was found starting at: attribute.
2025-10-24 20:55:54,014 [INFO] PluginManage:359 - Loaded plugin pinoutconfig (category:base,tabindex:0)
2025-10-24 20:55:54,015 [INFO] PluginManage:310 - Check plugin power
2025-10-24 20:55:54,035 [INFO] PluginManage:359 - Loaded plugin power (category:power,tabindex:4)
2025-10-24 20:55:54,035 [INFO] PluginManage:310 - Check plugin projectmanager
2025-10-24 20:55:54,059 [INFO] PluginManage:359 - Loaded plugin projectmanager (category:projectmanager,tabindex:4)
2025-10-24 20:55:54,059 [INFO] PluginManage:310 - Check plugin rif
2025-10-24 20:55:54,073 [INFO] PluginManage:359 - Loaded plugin rif (category:base,tabindex:3)
2025-10-24 20:55:54,073 [INFO] PluginManage:310 - Check plugin thirdparty
2025-10-24 20:55:54,306 [INFO] PluginManage:359 - Loaded plugin thirdparty (category:base,tabindex:-1)
2025-10-24 20:55:54,306 [WARN] IntegrityCheckThread:84 - waiting for thirdparty lock release [integrity check]
2025-10-24 20:55:54,307 [INFO] PluginManage:310 - Check plugin tools
2025-10-24 20:55:54,307 [INFO] IntegrityCheckThread:86 - entering critical section [integrity check]
2025-10-24 20:55:54,307 [INFO] ThirdPartyUpdaterWithRetryManager:70 - Updater plugin not ready yet. [1/15]
2025-10-24 20:55:54,311 [INFO] PluginManage:359 - Loaded plugin tools (category:base,tabindex:7)
2025-10-24 20:55:54,312 [INFO] PluginManage:310 - Check plugin tutovideos
2025-10-24 20:55:54,521 [INFO] PluginManage:359 - Loaded plugin tutovideos (category:base,tabindex:-1)
2025-10-24 20:55:54,521 [INFO] PluginManage:310 - Check plugin updater
2025-10-24 20:55:54,547 [INFO] PluginManage:359 - Loaded plugin updater (category:base,tabindex:12)
2025-10-24 20:55:54,547 [INFO] PluginManage:310 - Check plugin userauth
2025-10-24 20:55:54,552 [INFO] UserAuth:118 - Init User Auth plugin
2025-10-24 20:55:54,553 [INFO] PluginManage:359 - Loaded plugin userauth (category:base,tabindex:14)
2025-10-24 20:55:54,554 [INFO] PluginManage:283 - PluginManage : Loaded plugins [18]
2025-10-24 20:55:54,932 [INFO] PinOutPanel:1589 - setPackage(No Configuration,No Configuration)
2025-10-24 20:55:55,092 [INFO] CADModel:165 - CPN selected for project level
2025-10-24 20:55:55,092 [INFO] CADModel:114 - Register for checkConnection events
2025-10-24 20:55:55,127 [INFO] IPUIPlugin:80 - create IPUIPlugin
2025-10-24 20:55:55,127 [INFO] PluginManager:220 - loadIPPluginJar : add adc
2025-10-24 20:55:55,134 [INFO] IPUIPlugin:80 - create IPUIPlugin
2025-10-24 20:55:55,134 [INFO] PluginManager:220 - loadIPPluginJar : add aes
2025-10-24 20:55:55,140 [INFO] IPUIPlugin:80 - create IPUIPlugin
2025-10-24 20:55:55,140 [INFO] PluginManager:220 - loadIPPluginJar : add can
2025-10-24 20:55:55,143 [INFO] IPUIPlugin:80 - create IPUIPlugin
2025-10-24 20:55:55,143 [INFO] PluginManager:220 - loadIPPluginJar : add comp
2025-10-24 20:55:55,147 [INFO] IPUIPlugin:80 - create IPUIPlugin
2025-10-24 20:55:55,147 [INFO] PluginManager:220 - loadIPPluginJar : add cryp
2025-10-24 20:55:55,152 [INFO] IPUIPlugin:80 - create IPUIPlugin
2025-10-24 20:55:55,152 [INFO] PluginManager:220 - loadIPPluginJar : add ddr_ctrl_phy
2025-10-24 20:55:55,159 [INFO] IPUIPlugin:80 - create IPUIPlugin
2025-10-24 20:55:55,159 [INFO] PluginManager:220 - loadIPPluginJar : add dfsdm
2025-10-24 20:55:55,166 [INFO] IPUIPlugin:80 - create IPUIPlugin
2025-10-24 20:55:55,167 [INFO] PluginManager:220 - loadIPPluginJar : add dma
2025-10-24 20:55:55,173 [INFO] IPUIPlugin:80 - create IPUIPlugin
2025-10-24 20:55:55,174 [INFO] PluginManager:220 - loadIPPluginJar : add dma3
2025-10-24 20:55:55,179 [INFO] IPUIPlugin:80 - create IPUIPlugin
2025-10-24 20:55:55,179 [INFO] PluginManager:220 - loadIPPluginJar : add extmemmanager
2025-10-24 20:55:55,182 [INFO] IPUIPlugin:80 - create IPUIPlugin
2025-10-24 20:55:55,182 [INFO] PluginManager:220 - loadIPPluginJar : add fatfs
2025-10-24 20:55:55,190 [INFO] IPUIPlugin:80 - create IPUIPlugin
2025-10-24 20:55:55,191 [INFO] PluginManager:220 - loadIPPluginJar : add fmc
2025-10-24 20:55:55,203 [INFO] IPUIPlugin:80 - create IPUIPlugin
2025-10-24 20:55:55,204 [INFO] PluginManager:220 - loadIPPluginJar : add freertos
2025-10-24 20:55:55,207 [INFO] IPUIPlugin:80 - create IPUIPlugin
2025-10-24 20:55:55,207 [INFO] PluginManager:220 - loadIPPluginJar : add genericplugin
2025-10-24 20:55:55,211 [INFO] IPUIPlugin:80 - create IPUIPlugin
2025-10-24 20:55:55,211 [INFO] PluginManager:220 - loadIPPluginJar : add gfxmmu
2025-10-24 20:55:55,219 [INFO] IPUIPlugin:80 - create IPUIPlugin
2025-10-24 20:55:55,219 [INFO] PluginManager:220 - loadIPPluginJar : add gic
2025-10-24 20:55:55,229 [INFO] IPUIPlugin:80 - create IPUIPlugin
2025-10-24 20:55:55,229 [INFO] PluginManager:220 - loadIPPluginJar : add gpio
2025-10-24 20:55:55,235 [INFO] IPUIPlugin:80 - create IPUIPlugin
2025-10-24 20:55:55,235 [INFO] PluginManager:220 - loadIPPluginJar : add gtzc
2025-10-24 20:55:55,240 [INFO] IPUIPlugin:80 - create IPUIPlugin
2025-10-24 20:55:55,241 [INFO] PluginManager:220 - loadIPPluginJar : add hash
2025-10-24 20:55:55,246 [INFO] IPUIPlugin:80 - create IPUIPlugin
2025-10-24 20:55:55,247 [INFO] PluginManager:220 - loadIPPluginJar : add i2c
2025-10-24 20:55:55,252 [INFO] IPUIPlugin:80 - create IPUIPlugin
2025-10-24 20:55:55,252 [INFO] PluginManager:220 - loadIPPluginJar : add i2s
2025-10-24 20:55:55,256 [INFO] IPUIPlugin:80 - create IPUIPlugin
2025-10-24 20:55:55,256 [INFO] PluginManager:220 - loadIPPluginJar : add i3c
2025-10-24 20:55:55,262 [INFO] IPUIPlugin:80 - create IPUIPlugin
2025-10-24 20:55:55,262 [INFO] PluginManager:220 - loadIPPluginJar : add ipddr
2025-10-24 20:55:55,272 [INFO] IPUIPlugin:80 - create IPUIPlugin
2025-10-24 20:55:55,272 [INFO] PluginManager:220 - loadIPPluginJar : add linkedlist
2025-10-24 20:55:55,278 [INFO] IPUIPlugin:80 - create IPUIPlugin
2025-10-24 20:55:55,278 [INFO] PluginManager:220 - loadIPPluginJar : add lorawan
2025-10-24 20:55:55,281 [INFO] IPUIPlugin:80 - create IPUIPlugin
2025-10-24 20:55:55,281 [INFO] PluginManager:220 - loadIPPluginJar : add ltdc
2025-10-24 20:55:55,290 [INFO] IPUIPlugin:80 - create IPUIPlugin
2025-10-24 20:55:55,291 [INFO] PluginManager:220 - loadIPPluginJar : add mdma
2025-10-24 20:55:55,299 [INFO] IPUIPlugin:80 - create IPUIPlugin
2025-10-24 20:55:55,299 [INFO] PluginManager:220 - loadIPPluginJar : add nvic
2025-10-24 20:55:55,304 [INFO] IPUIPlugin:80 - create IPUIPlugin
2025-10-24 20:55:55,305 [INFO] PluginManager:220 - loadIPPluginJar : add opamp
2025-10-24 20:55:55,312 [INFO] IPUIPlugin:80 - create IPUIPlugin
2025-10-24 20:55:55,312 [INFO] PluginManager:220 - loadIPPluginJar : add openamp
2025-10-24 20:55:55,320 [INFO] IPUIPlugin:80 - create IPUIPlugin
2025-10-24 20:55:55,320 [INFO] PluginManager:220 - loadIPPluginJar : add pdm2pcm
2025-10-24 20:55:55,332 [INFO] IPUIPlugin:80 - create IPUIPlugin
2025-10-24 20:55:55,336 [INFO] PluginManager:220 - loadIPPluginJar : add plateformsettings
2025-10-24 20:55:55,339 [INFO] IPUIPlugin:80 - create IPUIPlugin
2025-10-24 20:55:55,339 [INFO] PluginManager:220 - loadIPPluginJar : add quadspi
2025-10-24 20:55:55,343 [INFO] IPUIPlugin:80 - create IPUIPlugin
2025-10-24 20:55:55,347 [INFO] PluginManager:220 - loadIPPluginJar : add radio
2025-10-24 20:55:55,355 [INFO] IPUIPlugin:80 - create IPUIPlugin
2025-10-24 20:55:55,355 [INFO] PluginManager:220 - loadIPPluginJar : add resmgrutility
2025-10-24 20:55:55,360 [INFO] IPUIPlugin:80 - create IPUIPlugin
2025-10-24 20:55:55,360 [INFO] PluginManager:220 - loadIPPluginJar : add sai
2025-10-24 20:55:55,365 [INFO] IPUIPlugin:80 - create IPUIPlugin
2025-10-24 20:55:55,365 [INFO] PluginManager:220 - loadIPPluginJar : add spi
2025-10-24 20:55:55,376 [INFO] IPUIPlugin:80 - create IPUIPlugin
2025-10-24 20:55:55,376 [INFO] PluginManager:220 - loadIPPluginJar : add stm32_wpan
2025-10-24 20:55:55,380 [INFO] IPUIPlugin:80 - create IPUIPlugin
2025-10-24 20:55:55,381 [INFO] PluginManager:220 - loadIPPluginJar : add tim
2025-10-24 20:55:55,387 [INFO] IPUIPlugin:80 - create IPUIPlugin
2025-10-24 20:55:55,387 [INFO] PluginManager:220 - loadIPPluginJar : add touchsensing
2025-10-24 20:55:55,392 [INFO] IPUIPlugin:80 - create IPUIPlugin
2025-10-24 20:55:55,392 [INFO] PluginManager:220 - loadIPPluginJar : add tracer_emb
2025-10-24 20:55:55,395 [INFO] IPUIPlugin:80 - create IPUIPlugin
2025-10-24 20:55:55,395 [INFO] PluginManager:220 - loadIPPluginJar : add ts
2025-10-24 20:55:55,398 [INFO] IPUIPlugin:80 - create IPUIPlugin
2025-10-24 20:55:55,398 [INFO] PluginManager:220 - loadIPPluginJar : add tsc
2025-10-24 20:55:55,403 [INFO] IPUIPlugin:80 - create IPUIPlugin
2025-10-24 20:55:55,404 [INFO] PluginManager:220 - loadIPPluginJar : add ucpd
2025-10-24 20:55:55,409 [INFO] IPUIPlugin:80 - create IPUIPlugin
2025-10-24 20:55:55,410 [INFO] PluginManager:220 - loadIPPluginJar : add usart
2025-10-24 20:55:55,416 [INFO] IPUIPlugin:80 - create IPUIPlugin
2025-10-24 20:55:55,416 [INFO] PluginManager:220 - loadIPPluginJar : add usbx
2025-10-24 20:55:55,587 [FATAL] Updater:351 - Updater called before beeing initialized
2025-10-24 20:55:55,628 [INFO] RulesReader:64 - Compatibility file has been processed (302 Rules)
2025-10-24 20:55:55,643 [INFO] RulesReader:64 - Compatibility file has been processed (302 Rules)
2025-10-24 20:55:55,654 [INFO] CADModel:165 - CPN selected for project level
2025-10-24 20:55:55,654 [INFO] CADModel:114 - Register for checkConnection events
2025-10-24 20:55:55,654 [FATAL] Updater:351 - Updater called before beeing initialized
2025-10-24 20:55:55,654 [ERROR] CADModel:125 - Updater not yet initialized, retry later 
2025-10-24 20:55:55,865 [FATAL] Updater:351 - Updater called before beeing initialized
2025-10-24 20:55:55,868 [INFO] CADModel:165 - CPN selected for project level
2025-10-24 20:55:55,868 [INFO] CADModel:114 - Register for checkConnection events
2025-10-24 20:55:55,868 [FATAL] Updater:351 - Updater called before beeing initialized
2025-10-24 20:55:55,868 [ERROR] CADModel:125 - Updater not yet initialized, retry later 
2025-10-24 20:55:55,874 [FATAL] Updater:351 - Updater called before beeing initialized
2025-10-24 20:55:56,030 [FATAL] Updater:351 - Updater called before beeing initialized
2025-10-24 20:55:56,036 [INFO] DbMcusAds:53 - JSON generation date=Thu Oct 02 06:36:05 BRT 2025 (1759397765645)
2025-10-24 20:55:56,036 [FATAL] Updater:351 - Updater called before beeing initialized
2025-10-24 20:55:56,099 [WARN] DetailPanel:346 - Failed to get advertising image, set to default
2025-10-24 20:55:56,438 [FATAL] Updater:351 - Updater called before beeing initialized
2025-10-24 20:55:56,441 [FATAL] Updater:351 - Updater called before beeing initialized
2025-10-24 20:55:56,441 [FATAL] Updater:351 - Updater called before beeing initialized
2025-10-24 20:55:56,441 [WARN] DetailPanel:346 - Failed to get advertising image, set to default
2025-10-24 20:55:56,442 [FATAL] Updater:351 - Updater called before beeing initialized
2025-10-24 20:55:56,497 [ERROR] Updater:1198 - MainUpdater not yet initialized. External WinMGr cannot be set.
2025-10-24 20:55:56,500 [INFO] Updater:1134 - Updater Version found : 6.14.1
2025-10-24 20:55:56,523 [INFO] ApplicationProperties:184 - Using Application install path: C:\ST\STM32CubeIDE_1.18.0\STM32CubeIDE\plugins\com.st.stm32cube.common.mx_6.14.1.202504091515
2025-10-24 20:55:57,021 [INFO] MainUpdater:2872 - connection check result : 10
2025-10-24 20:55:57,021 [INFO] MainUpdater:3566 - Updater definition file requires update
2025-10-24 20:55:57,023 [INFO] MainUpdater:289 - Updater Check For Update Now.
2025-10-24 20:55:57,024 [INFO] MicroXplorer:498 - Change Database Version : DB.6.0.141
2025-10-24 20:55:57,034 [INFO] McuFinderGlobals:63 - Set McuFinder mode to 2 (CubeIDE integrated)
2025-10-24 20:55:57,035 [INFO] UserAuth:484 - Internet connection configuration mode: 1
2025-10-24 20:55:57,066 [INFO] JxBrowserEngine:152 - Initiate JxBrowser Engine with user profile folder
2025-10-24 20:55:57,280 [INFO] ServerAccessManage:473 - Download File updaters.zip
2025-10-24 20:55:57,308 [WARN] MainUpdater:1193 - Updater busy. Cannot search thirdparties
2025-10-24 20:55:57,308 [INFO] ThirdPartyUpdaterWithRetryManager:96 - Updater plugin is busy. [1/15]
2025-10-24 20:55:57,377 [INFO] FileExtend:242 - Unzip File : updaters.zip
2025-10-24 20:55:57,377 [INFO] FileExtend:257 - Standard Zip Deflate
2025-10-24 20:55:58,464 [INFO] ServerAccessManage:473 - Download File PacksControlFlags.xml
2025-10-24 20:55:58,588 [INFO] ServerAccessManage:473 - Download File cubemx.pidx
2025-10-24 20:55:58,833 [INFO] LoadServerUpdatesThread:375 - End of LoadServerUpdate Thread
2025-10-24 20:55:58,857 [INFO] WebApp:169 - Instantiating new browser for Auth
2025-10-24 20:55:59,117 [INFO] CheckServerUpdateThread:120 - End of CheckServer Thread
2025-10-24 20:56:00,080 [INFO] WebApp:463 - Apply proxy settings
2025-10-24 20:56:00,081 [INFO] WebApp:548 - Chromium requires no authentication
2025-10-24 20:56:00,094 [INFO] WebApp:491 - Direct internet connection detected
2025-10-24 20:56:00,136 [INFO] WebApp:894 - Register for checkConnection events
2025-10-24 20:56:00,136 [INFO] WebApp:463 - Apply proxy settings
2025-10-24 20:56:00,136 [INFO] WebApp:548 - Chromium requires no authentication
2025-10-24 20:56:00,137 [INFO] WebApp:491 - Direct internet connection detected
2025-10-24 20:56:00,436 [INFO] WebApp:225 - Starting web application
2025-10-24 20:56:00,437 [INFO] WebApp:593 - Web application path used C:\ST\STM32CubeIDE_1.18.0\STM32CubeIDE\plugins\com.st.stm32cube.common.mx_6.14.1.202504091515\db\plugins\mcufinder\reactClient1\index.html
2025-10-24 20:56:00,672 [INFO] UserAuth:484 - Internet connection configuration mode: 1
2025-10-24 20:56:00,798 [INFO] WebApp:191 - Connection restablished
2025-10-24 20:56:01,192 [WARN] PackLoader:240 - Cannot read IP mode file for STMicroelectronics.FP-SNS-MOTENVWB1.1.4.0
2025-10-24 20:56:01,236 [WARN] PackLoader:240 - Cannot read IP mode file for STMicroelectronics.FP-ATR-ASTRA1.2.0.2
2025-10-24 20:56:01,258 [WARN] PackLoader:240 - Cannot read IP mode file for STMicroelectronics.FP-ATR-ASTRA1.2.0.1
2025-10-24 20:56:01,279 [WARN] PackLoader:240 - Cannot read IP mode file for STMicroelectronics.X-CUBE-SMBUS.2.1.0
2025-10-24 20:56:01,300 [WARN] PackLoader:240 - Cannot read IP mode file for STMicroelectronics.X-CUBE-WB05N.1.1.0
2025-10-24 20:56:01,322 [WARN] PackLoader:240 - Cannot read IP mode file for STMicroelectronics.X-CUBE-ST60.1.0.0
2025-10-24 20:56:01,338 [WARN] PackLoader:240 - Cannot read IP mode file for STMicroelectronics.X-CUBE-TOUCHGFX.4.23.0
2025-10-24 20:56:01,352 [WARN] PackLoader:240 - Cannot read IP mode file for STMicroelectronics.X-CUBE-TOUCHGFX.4.23.2
2025-10-24 20:56:01,448 [WARN] PackLoader:240 - Cannot read IP mode file for STMicroelectronics.X-CUBE-AZRTOS-F7.1.1.0
2025-10-24 20:56:01,473 [WARN] PackLoader:240 - Cannot read IP mode file for STMicroelectronics.FP-SNS-MOTENV1.4.3.2
2025-10-24 20:56:01,613 [WARN] PackLoader:240 - Cannot read IP mode file for STMicroelectronics.X-CUBE-MEMS1.11.0.0
2025-10-24 20:56:02,017 [WARN] PackLoader:240 - Cannot read IP mode file for STMicroelectronics.FP-SNS-FLIGHT1.5.0.2
2025-10-24 20:56:02,075 [WARN] PackLoader:240 - Cannot read IP mode file for STMicroelectronics.X-CUBE-AZRTOS-H7.3.4.0
2025-10-24 20:56:02,107 [WARN] PackLoader:240 - Cannot read IP mode file for STMicroelectronics.X-CUBE-DISPLAY.3.0.0
2025-10-24 20:56:02,124 [WARN] PackLoader:240 - Cannot read IP mode file for STMicroelectronics.X-CUBE-BLE1.7.0.0
2025-10-24 20:56:02,144 [WARN] PackLoader:240 - Cannot read IP mode file for STMicroelectronics.X-CUBE-NFC10.1.0.0
2025-10-24 20:56:02,177 [WARN] PackLoader:240 - Cannot read IP mode file for STMicroelectronics.X-CUBE-BLEMGR.4.0.0
2025-10-24 20:56:02,197 [WARN] PackLoader:240 - Cannot read IP mode file for STMicroelectronics.X-CUBE-ST60.1.1.0
2025-10-24 20:56:02,216 [WARN] PackLoader:240 - Cannot read IP mode file for emotas.I-CUBE-CANOPEN.1.3.0
2025-10-24 20:56:02,238 [WARN] PackLoader:240 - Cannot read IP mode file for STMicroelectronics.X-CUBE-BLEMGR.3.1.0
2025-10-24 20:56:02,255 [WARN] PackLoader:240 - Cannot read IP mode file for STMicroelectronics.X-CUBE-AI.10.0.0
2025-10-24 20:56:02,270 [ERROR] Engine:466 - C:\Users\User\.stm32cubemx\thirdparties\pdsc\STMicroelectronics.FP-SNS-STBOX1.2.1.0.pdsc: PDSC version is not supported
2025-10-24 20:56:02,279 [WARN] PackLoader:240 - Cannot read IP mode file for STMicroelectronics.FP-SNS-SMARTAG2.1.2.0
2025-10-24 20:56:02,292 [WARN] PackLoader:240 - Cannot read IP mode file for STMicroelectronics.FP-SNS-FLIGHT1.5.1.0
2025-10-24 20:56:02,413 [WARN] PackLoader:240 - Cannot read IP mode file for STMicroelectronics.X-CUBE-MEMS1.11.1.0
2025-10-24 20:56:02,687 [INFO] LogOutputStream:77 - [STDOUT_REDIRECT] 1 : Invalid condition id : UX_CORESTACK_Condition cause : null
2025-10-24 20:56:02,690 [INFO] LogOutputStream:77 - [STDOUT_REDIRECT] 1 : Invalid condition id : UX_CORESTACK_Condition cause : null
2025-10-24 20:56:02,692 [INFO] LogOutputStream:77 - [STDOUT_REDIRECT] 1 : Invalid condition id : UX_CORESTACK_Condition cause : null
2025-10-24 20:56:02,695 [INFO] LogOutputStream:77 - [STDOUT_REDIRECT] 1 : Invalid condition id : UX_CORESTACK_Condition cause : null
2025-10-24 20:56:02,698 [INFO] LogOutputStream:77 - [STDOUT_REDIRECT] 1 : Invalid condition id : UX_CORESTACK_Condition cause : null
2025-10-24 20:56:02,705 [WARN] PackLoader:240 - Cannot read IP mode file for STMicroelectronics.X-CUBE-AZRTOS-WL.2.0.0
2025-10-24 20:56:02,714 [WARN] PackLoader:240 - Cannot read IP mode file for STMicroelectronics.FP-SNS-MOTENV1.5.0.0
2025-10-24 20:56:02,729 [WARN] PackLoader:240 - Cannot read IP mode file for wolfSSL.I-CUBE-wolfMQTT.1.19.0
2025-10-24 20:56:02,745 [WARN] PackLoader:240 - Cannot read IP mode file for WES.I-CUBE-Cesium.1.3.0
2025-10-24 20:56:02,808 [WARN] PackLoader:240 - Cannot read IP mode file for STMicroelectronics.X-CUBE-BLE2.3.3.0
2025-10-24 20:56:02,823 [WARN] PackLoader:240 - Cannot read IP mode file for STMicroelectronics.X-CUBE-NFC9.1.0.0
2025-10-24 20:56:02,831 [WARN] PackLoader:240 - Cannot read IP mode file for STMicroelectronics.X-CUBE-BLE1.7.1.0
2025-10-24 20:56:02,844 [WARN] PackLoader:240 - Cannot read IP mode file for STMicroelectronics.X-CUBE-TCPP.4.1.0
2025-10-24 20:56:02,859 [WARN] PackLoader:240 - Cannot read IP mode file for STMicroelectronics.X-CUBE-EEPRMA1.5.2.0
2025-10-24 20:56:02,866 [ERROR] Engine:466 - C:\Users\User\.stm32cubemx\thirdparties\pdsc\STMicroelectronics.X-CUBE-ST67W61.1.1.0.pdsc: PDSC version is not supported
2025-10-24 20:56:02,873 [WARN] PackLoader:240 - Cannot read IP mode file for STMicroelectronics.X-CUBE-AI.10.1.0
2025-10-24 20:56:02,882 [WARN] PackLoader:240 - Cannot read IP mode file for STMicroelectronics.X-CUBE-ALGOBUILD.1.3.0
2025-10-24 20:56:02,986 [WARN] PackLoader:240 - Cannot read IP mode file for STMicroelectronics.X-CUBE-MEMS1.11.2.0
2025-10-24 20:56:03,223 [WARN] PackLoader:240 - Cannot read IP mode file for STMicroelectronics.X-CUBE-AZRTOS-G0.1.1.0
2025-10-24 20:56:03,237 [WARN] PackLoader:240 - Cannot read IP mode file for STMicroelectronics.X-CUBE-SAFEA1.1.2.2
2025-10-24 20:56:03,247 [WARN] PackLoader:240 - Cannot read IP mode file for STMicroelectronics.X-CUBE-NFC4.3.0.0
2025-10-24 20:56:03,265 [WARN] PackLoader:240 - Cannot read IP mode file for EmbeddedOffice.I-CUBE-FS-RTOS.1.0.1
2025-10-24 20:56:03,276 [WARN] PackLoader:240 - Cannot read IP mode file for STMicroelectronics.X-CUBE-WB05N.2.0.0
2025-10-24 20:56:03,294 [WARN] PackLoader:240 - Cannot read IP mode file for STMicroelectronics.X-CUBE-BLEMGR.3.0.0
2025-10-24 20:56:03,308 [WARN] PackLoader:240 - Cannot read IP mode file for STMicroelectronics.X-CUBE-TCPP.4.2.0
2025-10-24 20:56:03,322 [WARN] PackLoader:240 - Cannot read IP mode file for RealThread.X-CUBE-RT-Thread_Nano.4.1.1
2025-10-24 20:56:03,331 [WARN] PackLoader:240 - Cannot read IP mode file for wolfSSL.I-CUBE-wolfSSL.5.7.0
2025-10-24 20:56:03,344 [WARN] PackLoader:240 - Cannot read IP mode file for STMicroelectronics.FP-ATR-SIGFOX1.3.2.0
2025-10-24 20:56:03,355 [WARN] ConditionMgr:438 - getConditionDescription Invalid condition id : Cortex-A Device cause : null
2025-10-24 20:56:03,373 [WARN] ConditionMgr:1044 - genDependencies : Invalid condition id : Cortex-A Device cause : null
2025-10-24 20:56:03,373 [WARN] ConditionMgr:1044 - genDependencies : Invalid condition id : Cortex-A Device cause : null
2025-10-24 20:56:03,373 [WARN] ConditionMgr:1044 - genDependencies : Invalid condition id : Cortex-A Device cause : null
2025-10-24 20:56:03,381 [WARN] PackLoader:240 - Cannot read IP mode file for STMicroelectronics.X-CUBE-EEPRMA1.5.1.0
2025-10-24 20:56:03,395 [WARN] PackLoader:240 - Cannot read IP mode file for ITTIA_DB.I-CUBE-ITTIADB.8.9.0
2025-10-24 20:56:03,407 [WARN] PackLoader:240 - Cannot read IP mode file for STMicroelectronics.X-CUBE-ST67W61.1.0.0
2025-10-24 20:56:03,413 [WARN] PackLoader:240 - Cannot read IP mode file for STMicroelectronics.X-CUBE-AI.10.2.0
2025-10-24 20:56:03,453 [WARN] PackLoader:240 - Cannot read IP mode file for SEGGER.I-CUBE-embOS.1.3.1
2025-10-24 20:56:03,504 [WARN] PackLoader:240 - Cannot read IP mode file for STMicroelectronics.X-CUBE-ALGOBUILD.1.4.0
2025-10-24 20:56:03,577 [WARN] PackLoader:240 - Cannot read IP mode file for STMicroelectronics.X-CUBE-MEMS1.11.3.0
2025-10-24 20:56:03,752 [WARN] PackLoader:240 - Cannot read IP mode file for STMicroelectronics.X-CUBE-AI.9.1.0
2025-10-24 20:56:03,762 [WARN] PackLoader:240 - Cannot read IP mode file for STMicroelectronics.X-CUBE-PM33A1.1.0.0
2025-10-24 20:56:03,774 [WARN] PackLoader:240 - Cannot read IP mode file for STMicroelectronics.X-CUBE-GNSS1.6.0.0
2025-10-24 20:56:03,811 [WARN] PackLoader:240 - Cannot read IP mode file for STMicroelectronics.X-CUBE-AZRTOS-F4.1.1.0
2025-10-24 20:56:03,825 [WARN] PackLoader:240 - Cannot read IP mode file for Avnet-IotConnect.X-CUBE-IoTC-DA16k-PMOD.1.0.0
2025-10-24 20:56:03,834 [WARN] PackLoader:240 - Cannot read IP mode file for STMicroelectronics.X-CUBE-ISPU.2.1.0
2025-10-24 20:56:03,843 [ERROR] Engine:466 - C:\Users\User\.stm32cubemx\thirdparties\pdsc\STMicroelectronics.X-CUBE-IPS.3.2.0.pdsc: PDSC version is not supported
2025-10-24 20:56:03,853 [WARN] PackLoader:240 - Cannot read IP mode file for STMicroelectronics.X-CUBE-FREERTOS.1.2.0
2025-10-24 20:56:03,865 [WARN] PackLoader:240 - Cannot read IP mode file for STMicroelectronics.X-CUBE-NFC12.1.0.0
2025-10-24 20:56:03,891 [WARN] PackLoader:240 - Cannot read IP mode file for STMicroelectronics.X-CUBE-AZRTOS-L5.2.0.0
2025-10-24 20:56:03,903 [WARN] PackLoader:240 - Cannot read IP mode file for STMicroelectronics.X-CUBE-EEPRMA1.4.2.0
2025-10-24 20:56:03,919 [WARN] PackLoader:240 - Cannot read IP mode file for STMicroelectronics.X-CUBE-NFC6.3.1.0
2025-10-24 20:56:03,929 [WARN] PackLoader:240 - Cannot read IP mode file for STMicroelectronics.X-CUBE-DPower.1.2.0
2025-10-24 20:56:03,934 [WARN] PackLoader:240 - Cannot read IP mode file for STMicroelectronics.X-CUBE-AI.9.0.0
2025-10-24 20:56:03,942 [WARN] PackLoader:240 - Cannot read IP mode file for STMicroelectronics.X-CUBE-FREERTOS.1.3.1
2025-10-24 20:56:03,955 [WARN] PackLoader:240 - Cannot read IP mode file for STMicroelectronics.X-CUBE-FREERTOS.1.3.0
2025-10-24 20:56:03,964 [WARN] PackLoader:240 - Cannot read IP mode file for STMicroelectronics.X-CUBE-NFC7.1.0.1
2025-10-24 20:56:03,970 [WARN] PackLoader:240 - Cannot read IP mode file for STMicroelectronics.X-CUBE-TOUCHGFX.4.26.0
2025-10-24 20:56:03,980 [WARN] PackLoader:240 - Cannot read IP mode file for STMicroelectronics.X-CUBE-NFC6.3.0.0
2025-10-24 20:56:03,991 [WARN] PackLoader:240 - Cannot read IP mode file for STMicroelectronics.X-CUBE-DPower.1.3.0
2025-10-24 20:56:03,995 [WARN] PackLoader:240 - Cannot read IP mode file for STMicroelectronics.X-CUBE-AI.8.1.0
2025-10-24 20:56:04,021 [WARN] ConditionMgr:438 - getConditionDescription Invalid condition id : LAN8742 Phy interface Condition cause : null
2025-10-24 20:56:04,023 [WARN] PackLoader:240 - Cannot read IP mode file for STMicroelectronics.X-CUBE-AZRTOS-L4.2.0.0
2025-10-24 20:56:04,024 [WARN] ConditionMgr:1044 - genDependencies : Invalid condition id : LAN8742 Phy interface Condition cause : null
2025-10-24 20:56:04,024 [WARN] ConditionMgr:1044 - genDependencies : Invalid condition id : LAN8742 Phy interface Condition cause : null
2025-10-24 20:56:04,025 [WARN] ConditionMgr:1044 - genDependencies : Invalid condition id : LAN8742 Phy interface Condition cause : null
2025-10-24 20:56:04,036 [WARN] PackLoader:240 - Cannot read IP mode file for STMicroelectronics.X-CUBE-SFXS2LP1.4.0.0
2025-10-24 20:56:04,062 [WARN] PackLoader:240 - Cannot read IP mode file for STMicroelectronics.X-CUBE-AZRTOS-H7.3.3.0
2025-10-24 20:56:04,079 [WARN] PackLoader:240 - Cannot read IP mode file for STMicroelectronics.X-CUBE-BLEMGR.4.1.0
2025-10-24 20:56:04,098 [WARN] PackLoader:240 - Cannot read IP mode file for STMicroelectronics.X-CUBE-IPS.3.0.0
2025-10-24 20:56:04,121 [WARN] ConditionMgr:438 - getConditionDescription Invalid condition id : UX DEVICE CLASS RTOS Condition cause : null
2025-10-24 20:56:04,122 [WARN] ConditionMgr:438 - getConditionDescription Invalid condition id : UX DEVICE CLASS RTOS Condition cause : null
2025-10-24 20:56:04,125 [WARN] PackLoader:240 - Cannot read IP mode file for STMicroelectronics.X-CUBE-AZRTOS-WB.2.0.0
2025-10-24 20:56:04,126 [WARN] ConditionMgr:1044 - genDependencies : Invalid condition id : UX DEVICE CLASS RTOS Condition cause : null
2025-10-24 20:56:04,126 [WARN] ConditionMgr:1044 - genDependencies : Invalid condition id : UX DEVICE CLASS RTOS Condition cause : null
2025-10-24 20:56:04,127 [WARN] ConditionMgr:1044 - genDependencies : Invalid condition id : UX DEVICE CLASS RTOS Condition cause : null
2025-10-24 20:56:04,128 [WARN] ConditionMgr:1044 - genDependencies : Invalid condition id : UX DEVICE CLASS RTOS Condition cause : null
2025-10-24 20:56:04,128 [WARN] ConditionMgr:1044 - genDependencies : Invalid condition id : UX DEVICE CLASS RTOS Condition cause : null
2025-10-24 20:56:04,136 [WARN] PackLoader:240 - Cannot read IP mode file for STMicroelectronics.X-CUBE-GNSS1.7.0.0
2025-10-24 20:56:04,150 [WARN] PackLoader:240 - Cannot read IP mode file for STMicroelectronics.X-CUBE-GNSS1.7.0.1
2025-10-24 20:56:04,156 [WARN] PackLoader:240 - Cannot read IP mode file for STMicroelectronics.X-CUBE-TOUCHGFX.4.25.0
2025-10-24 20:56:04,164 [WARN] PackLoader:240 - Cannot read IP mode file for STMicroelectronics.FP-SNS-STBOX1.2.0.0
2025-10-24 20:56:04,179 [WARN] PackLoader:240 - Cannot read IP mode file for STMicroelectronics.X-CUBE-SUBG2.5.0.0
2025-10-24 20:56:04,233 [WARN] PackLoader:240 - Cannot read IP mode file for STMicroelectronics.X-CUBE-AZRTOS-H7RS.1.1.0
2025-10-24 20:56:04,244 [WARN] PackLoader:240 - Cannot read IP mode file for Cesanta.I-CUBE-Mongoose.7.13.0
2025-10-24 20:56:04,265 [WARN] PackLoader:240 - Cannot read IP mode file for STMicroelectronics.X-CUBE-AZRTOS-G4.2.0.0
2025-10-24 20:56:04,274 [WARN] PackLoader:240 - Cannot read IP mode file for STMicroelectronics.X-CUBE-NFC7.2.0.0
2025-10-24 20:56:04,280 [WARN] PackLoader:240 - Cannot read IP mode file for STMicroelectronics.FP-SNS-MOTENVWB1.1.3.1
2025-10-24 20:56:04,286 [WARN] PackLoader:240 - Cannot read IP mode file for STMicroelectronics.X-CUBE-ISPU.2.0.0
2025-10-24 20:56:04,304 [WARN] PackLoader:240 - Cannot read IP mode file for STMicroelectronics.X-CUBE-IPS.3.1.0
2025-10-24 20:56:04,320 [WARN] PackLoader:240 - Cannot read IP mode file for STMicroelectronics.X-CUBE-ALS.1.0.2
2025-10-24 20:56:04,371 [WARN] PackLoader:240 - Cannot read IP mode file for STMicroelectronics.X-CUBE-MEMS1.10.0.0
2025-10-24 20:56:04,523 [WARN] PackLoader:240 - Cannot read IP mode file for STMicroelectronics.X-CUBE-FREERTOS.1.1.0
2025-10-24 20:56:04,527 [WARN] PackLoader:240 - Cannot read IP mode file for STMicroelectronics.X-CUBE-TOUCHGFX.4.24.0
2025-10-24 20:56:04,533 [WARN] PackLoader:240 - Cannot read IP mode file for STMicroelectronics.X-CUBE-TOUCHGFX.4.24.2
2025-10-24 20:56:04,538 [WARN] PackLoader:240 - Cannot read IP mode file for STMicroelectronics.X-CUBE-TOUCHGFX.4.24.1
2025-10-24 20:56:04,547 [WARN] PackLoader:240 - Cannot read IP mode file for STMicroelectronics.X-CUBE-STSE01.1.0.0
2025-10-24 20:56:04,556 [WARN] PackLoader:240 - Cannot read IP mode file for wolfSSL.I-CUBE-wolfTPM.3.4.0
2025-10-24 20:56:04,563 [WARN] PackLoader:240 - Cannot read IP mode file for portGmbH.I-Cube-SoM-uGOAL.1.1.0
2025-10-24 20:56:04,571 [WARN] PackLoader:240 - Cannot read IP mode file for STMicroelectronics.X-CUBE-ALS.1.0.1
2025-10-24 20:56:04,593 [WARN] PackLoader:240 - Cannot read IP mode file for STMicroelectronics.X-CUBE-AZRTOS-H7RS.1.0.0
2025-10-24 20:56:04,604 [WARN] PackLoader:240 - Cannot read IP mode file for STMicroelectronics.FP-ATR-ASTRA1.2.0.0
2025-10-24 20:56:04,623 [WARN] PackLoader:240 - Cannot read IP mode file for STMicroelectronics.X-CUBE-TOF1.3.4.2
2025-10-24 20:56:04,648 [WARN] PackLoader:240 - Cannot read IP mode file for STMicroelectronics.X-CUBE-TOF1.3.4.3
2025-10-24 20:56:04,677 [WARN] PackLoader:240 - Cannot read IP mode file for STMicroelectronics.X-CUBE-TOF1.3.4.0
2025-10-24 20:56:04,704 [WARN] PackLoader:240 - Cannot read IP mode file for STMicroelectronics.X-CUBE-TOF1.3.4.1
2025-10-24 20:56:04,740 [WARN] PackLoader:240 - Cannot read IP mode file for STMicroelectronics.X-CUBE-AZRTOS-H7.3.2.0
2025-10-24 20:56:04,767 [WARN] PackLoader:240 - Cannot read IP mode file for Infineon.AIROC-Wi-Fi-Bluetooth-STM32.1.6.0
2025-10-24 20:56:04,779 [WARN] PackLoader:240 - Cannot read IP mode file for wolfSSL.I-CUBE-wolfSSH.1.4.17
2025-10-24 20:56:04,780 [INFO] ThirdParty:978 - Integrity check success = true
2025-10-24 20:56:04,780 [INFO] IntegrityCheckThread:100 - exiting critical section [integrity check]
2025-10-24 20:56:04,780 [INFO] IntegrityCheckThread:103 - End integrity checks thread
2025-10-24 23:00:01,976 [ERROR] LogOutputStream:75 - [STDERR_REDIRECT] 
