2025-11-19 20:09:22,988 [INFO] Activator:176 - 


2025-11-19 20:09:22,996 [INFO] Activator:177 - !SESSION log4j initialized
2025-11-19 20:09:31,916 [INFO] LogOutputStream:77 - [STDOUT_REDIRECT] 
2025-11-19 20:09:34,411 [INFO] ApplicationProperties:184 - Using Application install path: C:\ST\STM32CubeIDE_1.18.0\STM32CubeIDE\plugins\com.st.stm32cube.common.mx_6.14.1.202504091515
2025-11-19 20:09:34,439 [INFO] DbMcusXml:78 - Set database path to: C:\ST\STM32CubeIDE_1.18.0\STM32CubeIDE\plugins\com.st.stm32cube.common.mx_6.14.1.202504091515\\db\/mcu/
2025-11-19 20:09:34,439 [INFO] ApiDb:274 - Set plugin database path to: C:\ST\STM32CubeIDE_1.18.0\STM32CubeIDE\plugins\com.st.stm32cube.common.mx_6.14.1.202504091515\\db\/plugins/boardmanager/
2025-11-19 20:09:34,441 [WARN] ApiDb:259 - Overriding images path with different value:  => C:\ST\STM32CubeIDE_1.18.0\STM32CubeIDE\plugins\com.st.stm32cube.common.mx_6.14.1.202504091515\\db\/plugins/mcufinder/images/
2025-11-19 20:09:34,456 [INFO] ApiDb:250 - Set database path to: C:\Users\User\.stmcufinder\plugins\mcufinder//mcu/
2025-11-19 20:09:34,458 [INFO] DbMcusAds:125 - Set database path to: C:\Users\User\.stmcufinder\plugins\mcufinder//mcu/
2025-11-19 20:09:34,462 [INFO] CrossReferenceDbSqlite:203 - Set database path to: C:\Users\User\.stmcufinder\plugins\mcufinder//mcu/cs/
2025-11-19 20:09:34,604 [INFO] RulesReader:64 - Compatibility file has been processed (302 Rules)
2025-11-19 20:09:34,722 [INFO] DbMcusXml:78 - Set database path to: C:\ST\STM32CubeIDE_1.18.0\STM32CubeIDE\plugins\com.st.stm32cube.common.mx_6.14.1.202504091515\\db\/mcu/
2025-11-19 20:09:34,723 [INFO] ApiDb:274 - Set plugin database path to: C:\ST\STM32CubeIDE_1.18.0\STM32CubeIDE\plugins\com.st.stm32cube.common.mx_6.14.1.202504091515\\db\/plugins/boardmanager/
2025-11-19 20:09:34,723 [INFO] ApiDb:261 - Set plugin images path to: C:\ST\STM32CubeIDE_1.18.0\STM32CubeIDE\plugins\com.st.stm32cube.common.mx_6.14.1.202504091515\\db\/plugins/mcufinder/images/
2025-11-19 20:09:34,723 [WARN] DbFile:41 - Overriding database path with different value: C:\Users\User\.stmcufinder\plugins\mcufinder/ => C:\Users\User\.stmcufinder\plugins\mcufinder
2025-11-19 20:09:34,723 [INFO] ApiDb:250 - Set database path to: C:\Users\User\.stmcufinder\plugins\mcufinder//mcu/
2025-11-19 20:09:34,723 [WARN] DbFile:41 - Overriding database path with different value: C:\Users\User\.stmcufinder\plugins\mcufinder/ => C:\Users\User\.stmcufinder\plugins\mcufinder
2025-11-19 20:09:34,723 [INFO] DbMcusAds:125 - Set database path to: C:\Users\User\.stmcufinder\plugins\mcufinder//mcu/
2025-11-19 20:09:34,723 [WARN] DbFile:41 - Overriding database path with different value: C:\Users\User\.stmcufinder\plugins\mcufinder/ => C:\Users\User\.stmcufinder\plugins\mcufinder
2025-11-19 20:09:34,723 [WARN] DbFile:41 - Overriding database path with different value: C:\Users\User\.stmcufinder\plugins\mcufinder/ => C:\Users\User\.stmcufinder\plugins\mcufinder
2025-11-19 20:09:34,724 [INFO] CrossReferenceDbSqlite:203 - Set database path to: C:\Users\User\.stmcufinder\plugins\mcufinder//mcu/cs/
2025-11-19 20:09:34,863 [INFO] MainPanel:272 - HeapMemory: 268435456
2025-11-19 20:09:35,094 [INFO] DbMcusXml:78 - Set database path to: C:\ST\STM32CubeIDE_1.18.0\STM32CubeIDE\plugins\com.st.stm32cube.common.mx_6.14.1.202504091515\\db\/mcu/
2025-11-19 20:09:35,096 [INFO] ApiDb:274 - Set plugin database path to: C:\ST\STM32CubeIDE_1.18.0\STM32CubeIDE\plugins\com.st.stm32cube.common.mx_6.14.1.202504091515\\db\/plugins/boardmanager/
2025-11-19 20:09:35,096 [INFO] ApiDb:261 - Set plugin images path to: C:\ST\STM32CubeIDE_1.18.0\STM32CubeIDE\plugins\com.st.stm32cube.common.mx_6.14.1.202504091515\\db\/plugins/mcufinder/images/
2025-11-19 20:09:35,096 [WARN] DbFile:41 - Overriding database path with different value: C:\Users\User\.stmcufinder\plugins\mcufinder/ => C:\Users\User\.stmcufinder\plugins\mcufinder
2025-11-19 20:09:35,097 [INFO] ApiDb:250 - Set database path to: C:\Users\User\.stmcufinder\plugins\mcufinder//mcu/
2025-11-19 20:09:35,097 [WARN] DbFile:41 - Overriding database path with different value: C:\Users\User\.stmcufinder\plugins\mcufinder/ => C:\Users\User\.stmcufinder\plugins\mcufinder
2025-11-19 20:09:35,097 [INFO] DbMcusAds:125 - Set database path to: C:\Users\User\.stmcufinder\plugins\mcufinder//mcu/
2025-11-19 20:09:35,097 [WARN] DbFile:41 - Overriding database path with different value: C:\Users\User\.stmcufinder\plugins\mcufinder/ => C:\Users\User\.stmcufinder\plugins\mcufinder
2025-11-19 20:09:35,097 [WARN] DbFile:41 - Overriding database path with different value: C:\Users\User\.stmcufinder\plugins\mcufinder/ => C:\Users\User\.stmcufinder\plugins\mcufinder
2025-11-19 20:09:35,098 [INFO] CrossReferenceDbSqlite:203 - Set database path to: C:\Users\User\.stmcufinder\plugins\mcufinder//mcu/cs/
2025-11-19 20:09:35,124 [INFO] ApplicationProperties:184 - Using Application install path: C:\ST\STM32CubeIDE_1.18.0\STM32CubeIDE\plugins\com.st.stm32cube.common.mx_6.14.1.202504091515
2025-11-19 20:09:35,125 [INFO] PluginManage:196 - Search for loadable plugins [exclusion list=, ]
2025-11-19 20:09:35,127 [INFO] PluginManage:310 - Check plugin analytics
2025-11-19 20:09:35,413 [INFO] AnalyticsPlugin:253 - Accepted Software Licenses: 
2025-11-19 20:09:35,415 [INFO] AnalyticsPlugin:255 - Accepted CMSIS Pack Licenses: 
2025-11-19 20:09:35,415 [INFO] AnalyticsPlugin:257 - Accepted Firmware Licenses: FW.C0.1.1.0
2025-11-19 20:09:35,420 [INFO] PluginManage:359 - Loaded plugin analytics (category:tool,tabindex:-1)
2025-11-19 20:09:35,420 [INFO] PluginManage:310 - Check plugin cadmodel
2025-11-19 20:09:35,429 [INFO] CADModel:105 - Init CAD model plugin
2025-11-19 20:09:35,429 [INFO] PluginManage:359 - Loaded plugin cadmodel (category:power,tabindex:5)
2025-11-19 20:09:35,429 [INFO] PluginManage:310 - Check plugin clock
2025-11-19 20:09:35,444 [INFO] PluginManage:359 - Loaded plugin clock (category:base,tabindex:2)
2025-11-19 20:09:35,445 [INFO] PluginManage:310 - Check plugin ddr
2025-11-19 20:09:35,450 [INFO] PluginManage:359 - Loaded plugin ddr (category:tool,tabindex:6)
2025-11-19 20:09:35,450 [INFO] PluginManage:310 - Check plugin filemanager
2025-11-19 20:09:35,636 [INFO] PluginManage:359 - Loaded plugin filemanager (category:base,tabindex:10)
2025-11-19 20:09:35,637 [INFO] PluginManage:310 - Check plugin ipmanager
2025-11-19 20:09:35,646 [INFO] PluginManage:359 - Loaded plugin ipmanager (category:base,tabindex:5)
2025-11-19 20:09:35,646 [INFO] PluginManage:310 - Check plugin lpbam
2025-11-19 20:09:35,656 [INFO] PluginManage:359 - Loaded plugin lpbam (category:base,tabindex:0)
2025-11-19 20:09:35,656 [INFO] PluginManage:310 - Check plugin memorymap
2025-11-19 20:09:35,676 [INFO] PluginManage:359 - Loaded plugin memorymap (category:base,tabindex:4)
2025-11-19 20:09:35,676 [INFO] PluginManage:310 - Check plugin pinoutandconfiguration
2025-11-19 20:09:35,689 [INFO] PluginManage:359 - Loaded plugin pinoutandconfiguration (category:base,tabindex:1)
2025-11-19 20:09:35,689 [INFO] PluginManage:310 - Check plugin pinoutconfig
2025-11-19 20:09:35,844 [WARN] SupportedApi:132 - Cannot load RTOS API schema: s4s-elt-must-match.1: The content of 'definitions' must match (annotation?, (simpleType | complexType)?, (unique | key | keyref)*)). A problem was found starting at: attribute.
2025-11-19 20:09:36,035 [INFO] PluginManage:359 - Loaded plugin pinoutconfig (category:base,tabindex:0)
2025-11-19 20:09:36,035 [INFO] PluginManage:310 - Check plugin power
2025-11-19 20:09:36,054 [INFO] PluginManage:359 - Loaded plugin power (category:power,tabindex:4)
2025-11-19 20:09:36,054 [INFO] PluginManage:310 - Check plugin projectmanager
2025-11-19 20:09:36,078 [INFO] PluginManage:359 - Loaded plugin projectmanager (category:projectmanager,tabindex:4)
2025-11-19 20:09:36,078 [INFO] PluginManage:310 - Check plugin rif
2025-11-19 20:09:36,093 [INFO] PluginManage:359 - Loaded plugin rif (category:base,tabindex:3)
2025-11-19 20:09:36,093 [INFO] PluginManage:310 - Check plugin thirdparty
2025-11-19 20:09:36,324 [INFO] PluginManage:359 - Loaded plugin thirdparty (category:base,tabindex:-1)
2025-11-19 20:09:36,324 [WARN] IntegrityCheckThread:84 - waiting for thirdparty lock release [integrity check]
2025-11-19 20:09:36,324 [INFO] IntegrityCheckThread:86 - entering critical section [integrity check]
2025-11-19 20:09:36,324 [INFO] PluginManage:310 - Check plugin tools
2025-11-19 20:09:36,324 [INFO] ThirdPartyUpdaterWithRetryManager:70 - Updater plugin not ready yet. [1/15]
2025-11-19 20:09:36,329 [INFO] PluginManage:359 - Loaded plugin tools (category:base,tabindex:7)
2025-11-19 20:09:36,329 [INFO] PluginManage:310 - Check plugin tutovideos
2025-11-19 20:09:36,550 [INFO] PluginManage:359 - Loaded plugin tutovideos (category:base,tabindex:-1)
2025-11-19 20:09:36,550 [INFO] PluginManage:310 - Check plugin updater
2025-11-19 20:09:36,580 [INFO] PluginManage:359 - Loaded plugin updater (category:base,tabindex:12)
2025-11-19 20:09:36,580 [INFO] PluginManage:310 - Check plugin userauth
2025-11-19 20:09:36,586 [INFO] UserAuth:118 - Init User Auth plugin
2025-11-19 20:09:36,588 [INFO] PluginManage:359 - Loaded plugin userauth (category:base,tabindex:14)
2025-11-19 20:09:36,590 [INFO] PluginManage:283 - PluginManage : Loaded plugins [18]
2025-11-19 20:09:36,883 [INFO] PinOutPanel:1589 - setPackage(No Configuration,No Configuration)
2025-11-19 20:09:37,011 [INFO] CADModel:165 - CPN selected for project level
2025-11-19 20:09:37,012 [INFO] CADModel:114 - Register for checkConnection events
2025-11-19 20:09:37,045 [INFO] IPUIPlugin:80 - create IPUIPlugin
2025-11-19 20:09:37,046 [INFO] PluginManager:220 - loadIPPluginJar : add adc
2025-11-19 20:09:37,054 [INFO] IPUIPlugin:80 - create IPUIPlugin
2025-11-19 20:09:37,054 [INFO] PluginManager:220 - loadIPPluginJar : add aes
2025-11-19 20:09:37,062 [INFO] IPUIPlugin:80 - create IPUIPlugin
2025-11-19 20:09:37,062 [INFO] PluginManager:220 - loadIPPluginJar : add can
2025-11-19 20:09:37,065 [INFO] IPUIPlugin:80 - create IPUIPlugin
2025-11-19 20:09:37,066 [INFO] PluginManager:220 - loadIPPluginJar : add comp
2025-11-19 20:09:37,071 [INFO] IPUIPlugin:80 - create IPUIPlugin
2025-11-19 20:09:37,072 [INFO] PluginManager:220 - loadIPPluginJar : add cryp
2025-11-19 20:09:37,080 [INFO] IPUIPlugin:80 - create IPUIPlugin
2025-11-19 20:09:37,081 [INFO] PluginManager:220 - loadIPPluginJar : add ddr_ctrl_phy
2025-11-19 20:09:37,087 [INFO] IPUIPlugin:80 - create IPUIPlugin
2025-11-19 20:09:37,088 [INFO] PluginManager:220 - loadIPPluginJar : add dfsdm
2025-11-19 20:09:37,098 [INFO] IPUIPlugin:80 - create IPUIPlugin
2025-11-19 20:09:37,099 [INFO] PluginManager:220 - loadIPPluginJar : add dma
2025-11-19 20:09:37,106 [INFO] IPUIPlugin:80 - create IPUIPlugin
2025-11-19 20:09:37,107 [INFO] PluginManager:220 - loadIPPluginJar : add dma3
2025-11-19 20:09:37,113 [INFO] IPUIPlugin:80 - create IPUIPlugin
2025-11-19 20:09:37,113 [INFO] PluginManager:220 - loadIPPluginJar : add extmemmanager
2025-11-19 20:09:37,117 [INFO] IPUIPlugin:80 - create IPUIPlugin
2025-11-19 20:09:37,117 [INFO] PluginManager:220 - loadIPPluginJar : add fatfs
2025-11-19 20:09:37,125 [INFO] IPUIPlugin:80 - create IPUIPlugin
2025-11-19 20:09:37,125 [INFO] PluginManager:220 - loadIPPluginJar : add fmc
2025-11-19 20:09:37,137 [INFO] IPUIPlugin:80 - create IPUIPlugin
2025-11-19 20:09:37,138 [INFO] PluginManager:220 - loadIPPluginJar : add freertos
2025-11-19 20:09:37,140 [INFO] IPUIPlugin:80 - create IPUIPlugin
2025-11-19 20:09:37,141 [INFO] PluginManager:220 - loadIPPluginJar : add genericplugin
2025-11-19 20:09:37,146 [INFO] IPUIPlugin:80 - create IPUIPlugin
2025-11-19 20:09:37,146 [INFO] PluginManager:220 - loadIPPluginJar : add gfxmmu
2025-11-19 20:09:37,154 [INFO] IPUIPlugin:80 - create IPUIPlugin
2025-11-19 20:09:37,154 [INFO] PluginManager:220 - loadIPPluginJar : add gic
2025-11-19 20:09:37,161 [INFO] IPUIPlugin:80 - create IPUIPlugin
2025-11-19 20:09:37,162 [INFO] PluginManager:220 - loadIPPluginJar : add gpio
2025-11-19 20:09:37,167 [INFO] IPUIPlugin:80 - create IPUIPlugin
2025-11-19 20:09:37,167 [INFO] PluginManager:220 - loadIPPluginJar : add gtzc
2025-11-19 20:09:37,173 [INFO] IPUIPlugin:80 - create IPUIPlugin
2025-11-19 20:09:37,174 [INFO] PluginManager:220 - loadIPPluginJar : add hash
2025-11-19 20:09:37,182 [INFO] IPUIPlugin:80 - create IPUIPlugin
2025-11-19 20:09:37,182 [INFO] PluginManager:220 - loadIPPluginJar : add i2c
2025-11-19 20:09:37,189 [INFO] IPUIPlugin:80 - create IPUIPlugin
2025-11-19 20:09:37,190 [INFO] PluginManager:220 - loadIPPluginJar : add i2s
2025-11-19 20:09:37,196 [INFO] IPUIPlugin:80 - create IPUIPlugin
2025-11-19 20:09:37,197 [INFO] PluginManager:220 - loadIPPluginJar : add i3c
2025-11-19 20:09:37,203 [INFO] IPUIPlugin:80 - create IPUIPlugin
2025-11-19 20:09:37,203 [INFO] PluginManager:220 - loadIPPluginJar : add ipddr
2025-11-19 20:09:37,214 [INFO] IPUIPlugin:80 - create IPUIPlugin
2025-11-19 20:09:37,215 [INFO] PluginManager:220 - loadIPPluginJar : add linkedlist
2025-11-19 20:09:37,220 [INFO] IPUIPlugin:80 - create IPUIPlugin
2025-11-19 20:09:37,220 [INFO] PluginManager:220 - loadIPPluginJar : add lorawan
2025-11-19 20:09:37,224 [INFO] IPUIPlugin:80 - create IPUIPlugin
2025-11-19 20:09:37,224 [INFO] PluginManager:220 - loadIPPluginJar : add ltdc
2025-11-19 20:09:37,236 [INFO] IPUIPlugin:80 - create IPUIPlugin
2025-11-19 20:09:37,236 [INFO] PluginManager:220 - loadIPPluginJar : add mdma
2025-11-19 20:09:37,243 [INFO] IPUIPlugin:80 - create IPUIPlugin
2025-11-19 20:09:37,243 [INFO] PluginManager:220 - loadIPPluginJar : add nvic
2025-11-19 20:09:37,251 [INFO] IPUIPlugin:80 - create IPUIPlugin
2025-11-19 20:09:37,251 [INFO] PluginManager:220 - loadIPPluginJar : add opamp
2025-11-19 20:09:37,258 [INFO] IPUIPlugin:80 - create IPUIPlugin
2025-11-19 20:09:37,258 [INFO] PluginManager:220 - loadIPPluginJar : add openamp
2025-11-19 20:09:37,264 [INFO] IPUIPlugin:80 - create IPUIPlugin
2025-11-19 20:09:37,264 [INFO] PluginManager:220 - loadIPPluginJar : add pdm2pcm
2025-11-19 20:09:37,276 [INFO] IPUIPlugin:80 - create IPUIPlugin
2025-11-19 20:09:37,280 [INFO] PluginManager:220 - loadIPPluginJar : add plateformsettings
2025-11-19 20:09:37,284 [INFO] IPUIPlugin:80 - create IPUIPlugin
2025-11-19 20:09:37,285 [INFO] PluginManager:220 - loadIPPluginJar : add quadspi
2025-11-19 20:09:37,289 [INFO] IPUIPlugin:80 - create IPUIPlugin
2025-11-19 20:09:37,293 [INFO] PluginManager:220 - loadIPPluginJar : add radio
2025-11-19 20:09:37,301 [INFO] IPUIPlugin:80 - create IPUIPlugin
2025-11-19 20:09:37,301 [INFO] PluginManager:220 - loadIPPluginJar : add resmgrutility
2025-11-19 20:09:37,307 [INFO] IPUIPlugin:80 - create IPUIPlugin
2025-11-19 20:09:37,308 [INFO] PluginManager:220 - loadIPPluginJar : add sai
2025-11-19 20:09:37,312 [INFO] IPUIPlugin:80 - create IPUIPlugin
2025-11-19 20:09:37,312 [INFO] PluginManager:220 - loadIPPluginJar : add spi
2025-11-19 20:09:37,325 [INFO] IPUIPlugin:80 - create IPUIPlugin
2025-11-19 20:09:37,325 [INFO] PluginManager:220 - loadIPPluginJar : add stm32_wpan
2025-11-19 20:09:37,329 [INFO] IPUIPlugin:80 - create IPUIPlugin
2025-11-19 20:09:37,330 [INFO] PluginManager:220 - loadIPPluginJar : add tim
2025-11-19 20:09:37,338 [INFO] IPUIPlugin:80 - create IPUIPlugin
2025-11-19 20:09:37,339 [INFO] PluginManager:220 - loadIPPluginJar : add touchsensing
2025-11-19 20:09:37,343 [INFO] IPUIPlugin:80 - create IPUIPlugin
2025-11-19 20:09:37,343 [INFO] PluginManager:220 - loadIPPluginJar : add tracer_emb
2025-11-19 20:09:37,348 [INFO] IPUIPlugin:80 - create IPUIPlugin
2025-11-19 20:09:37,348 [INFO] PluginManager:220 - loadIPPluginJar : add ts
2025-11-19 20:09:37,351 [INFO] IPUIPlugin:80 - create IPUIPlugin
2025-11-19 20:09:37,352 [INFO] PluginManager:220 - loadIPPluginJar : add tsc
2025-11-19 20:09:37,356 [INFO] IPUIPlugin:80 - create IPUIPlugin
2025-11-19 20:09:37,356 [INFO] PluginManager:220 - loadIPPluginJar : add ucpd
2025-11-19 20:09:37,361 [INFO] IPUIPlugin:80 - create IPUIPlugin
2025-11-19 20:09:37,361 [INFO] PluginManager:220 - loadIPPluginJar : add usart
2025-11-19 20:09:37,369 [INFO] IPUIPlugin:80 - create IPUIPlugin
2025-11-19 20:09:37,369 [INFO] PluginManager:220 - loadIPPluginJar : add usbx
2025-11-19 20:09:37,541 [FATAL] Updater:351 - Updater called before beeing initialized
2025-11-19 20:09:37,574 [INFO] RulesReader:64 - Compatibility file has been processed (302 Rules)
2025-11-19 20:09:37,590 [INFO] RulesReader:64 - Compatibility file has been processed (302 Rules)
2025-11-19 20:09:37,600 [INFO] CADModel:165 - CPN selected for project level
2025-11-19 20:09:37,601 [INFO] CADModel:114 - Register for checkConnection events
2025-11-19 20:09:37,601 [FATAL] Updater:351 - Updater called before beeing initialized
2025-11-19 20:09:37,601 [ERROR] CADModel:125 - Updater not yet initialized, retry later 
2025-11-19 20:09:37,824 [FATAL] Updater:351 - Updater called before beeing initialized
2025-11-19 20:09:37,827 [INFO] CADModel:165 - CPN selected for project level
2025-11-19 20:09:37,828 [INFO] CADModel:114 - Register for checkConnection events
2025-11-19 20:09:37,828 [FATAL] Updater:351 - Updater called before beeing initialized
2025-11-19 20:09:37,828 [ERROR] CADModel:125 - Updater not yet initialized, retry later 
2025-11-19 20:09:37,833 [FATAL] Updater:351 - Updater called before beeing initialized
2025-11-19 20:09:38,002 [FATAL] Updater:351 - Updater called before beeing initialized
2025-11-19 20:09:38,008 [INFO] DbMcusAds:53 - JSON generation date=Fri Nov 07 08:13:48 BRT 2025 (1762514028714)
2025-11-19 20:09:38,008 [FATAL] Updater:351 - Updater called before beeing initialized
2025-11-19 20:09:38,078 [WARN] DetailPanel:346 - Failed to get advertising image, set to default
2025-11-19 20:09:38,422 [FATAL] Updater:351 - Updater called before beeing initialized
2025-11-19 20:09:38,425 [FATAL] Updater:351 - Updater called before beeing initialized
2025-11-19 20:09:38,425 [FATAL] Updater:351 - Updater called before beeing initialized
2025-11-19 20:09:38,426 [WARN] DetailPanel:346 - Failed to get advertising image, set to default
2025-11-19 20:09:38,426 [FATAL] Updater:351 - Updater called before beeing initialized
2025-11-19 20:09:38,488 [ERROR] Updater:1198 - MainUpdater not yet initialized. External WinMGr cannot be set.
2025-11-19 20:09:38,491 [INFO] Updater:1134 - Updater Version found : 6.14.1
2025-11-19 20:09:38,516 [INFO] ApplicationProperties:184 - Using Application install path: C:\ST\STM32CubeIDE_1.18.0\STM32CubeIDE\plugins\com.st.stm32cube.common.mx_6.14.1.202504091515
2025-11-19 20:09:39,157 [INFO] MainUpdater:2872 - connection check result : 10
2025-11-19 20:09:39,157 [INFO] MainUpdater:3566 - Updater definition file requires update
2025-11-19 20:09:39,159 [INFO] MainUpdater:289 - Updater Check For Update Now.
2025-11-19 20:09:39,160 [INFO] MicroXplorer:498 - Change Database Version : DB.6.0.141
2025-11-19 20:09:39,169 [INFO] McuFinderGlobals:63 - Set McuFinder mode to 2 (CubeIDE integrated)
2025-11-19 20:09:39,171 [INFO] UserAuth:484 - Internet connection configuration mode: 1
2025-11-19 20:09:39,215 [INFO] JxBrowserEngine:152 - Initiate JxBrowser Engine with user profile folder
2025-11-19 20:09:39,326 [WARN] MainUpdater:1193 - Updater busy. Cannot search thirdparties
2025-11-19 20:09:39,326 [INFO] ThirdPartyUpdaterWithRetryManager:96 - Updater plugin is busy. [1/15]
2025-11-19 20:09:39,409 [INFO] ServerAccessManage:473 - Download File updaters.zip
2025-11-19 20:09:39,540 [INFO] FileExtend:242 - Unzip File : updaters.zip
2025-11-19 20:09:39,541 [INFO] FileExtend:257 - Standard Zip Deflate
2025-11-19 20:09:40,802 [INFO] ServerAccessManage:473 - Download File PacksControlFlags.xml
2025-11-19 20:09:41,188 [INFO] ServerAccessManage:473 - Download File cubemx.pidx
2025-11-19 20:09:41,413 [INFO] LoadServerUpdatesThread:375 - End of LoadServerUpdate Thread
2025-11-19 20:09:41,649 [INFO] CheckServerUpdateThread:120 - End of CheckServer Thread
2025-11-19 20:09:41,655 [INFO] WebApp:169 - Instantiating new browser for Auth
2025-11-19 20:09:43,136 [WARN] PackLoader:240 - Cannot read IP mode file for STMicroelectronics.FP-SNS-MOTENVWB1.1.4.0
2025-11-19 20:09:43,156 [WARN] PackLoader:240 - Cannot read IP mode file for STMicroelectronics.FP-ATR-ASTRA1.2.0.2
2025-11-19 20:09:43,165 [WARN] PackLoader:240 - Cannot read IP mode file for STMicroelectronics.FP-ATR-ASTRA1.2.0.1
2025-11-19 20:09:43,176 [WARN] PackLoader:240 - Cannot read IP mode file for STMicroelectronics.X-CUBE-SMBUS.2.1.0
2025-11-19 20:09:43,192 [INFO] WebApp:463 - Apply proxy settings
2025-11-19 20:09:43,192 [INFO] WebApp:548 - Chromium requires no authentication
2025-11-19 20:09:43,193 [WARN] PackLoader:240 - Cannot read IP mode file for STMicroelectronics.X-CUBE-WB05N.1.1.0
2025-11-19 20:09:43,204 [WARN] PackLoader:240 - Cannot read IP mode file for STMicroelectronics.X-CUBE-ST60.1.0.0
2025-11-19 20:09:43,212 [INFO] WebApp:491 - Direct internet connection detected
2025-11-19 20:09:43,216 [WARN] PackLoader:240 - Cannot read IP mode file for STMicroelectronics.X-CUBE-TOUCHGFX.4.23.0
2025-11-19 20:09:43,221 [WARN] PackLoader:240 - Cannot read IP mode file for STMicroelectronics.X-CUBE-TOUCHGFX.4.23.2
2025-11-19 20:09:43,281 [INFO] WebApp:894 - Register for checkConnection events
2025-11-19 20:09:43,281 [INFO] WebApp:463 - Apply proxy settings
2025-11-19 20:09:43,281 [INFO] WebApp:548 - Chromium requires no authentication
2025-11-19 20:09:43,283 [INFO] WebApp:491 - Direct internet connection detected
2025-11-19 20:09:43,286 [WARN] PackLoader:240 - Cannot read IP mode file for STMicroelectronics.X-CUBE-AZRTOS-F7.1.1.0
2025-11-19 20:09:43,314 [WARN] PackLoader:240 - Cannot read IP mode file for STMicroelectronics.FP-SNS-MOTENV1.4.3.2
2025-11-19 20:09:43,419 [WARN] PackLoader:240 - Cannot read IP mode file for STMicroelectronics.X-CUBE-MEMS1.11.0.0
2025-11-19 20:09:43,671 [ERROR] Engine:466 - C:\Users\User\.stm32cubemx\thirdparties\pdsc\STMicroelectronics.FP-SNS-MOTENV1.5.1.0.pdsc: PDSC version is not supported
2025-11-19 20:09:43,679 [WARN] PackLoader:240 - Cannot read IP mode file for STMicroelectronics.FP-SNS-FLIGHT1.5.0.2
2025-11-19 20:09:43,721 [WARN] PackLoader:240 - Cannot read IP mode file for STMicroelectronics.X-CUBE-AZRTOS-H7.3.4.0
2025-11-19 20:09:43,780 [WARN] PackLoader:240 - Cannot read IP mode file for STMicroelectronics.X-CUBE-DISPLAY.3.0.0
2025-11-19 20:09:43,815 [WARN] PackLoader:240 - Cannot read IP mode file for STMicroelectronics.X-CUBE-BLE1.7.0.0
2025-11-19 20:09:43,843 [WARN] PackLoader:240 - Cannot read IP mode file for STMicroelectronics.X-CUBE-NFC10.1.0.0
2025-11-19 20:09:43,874 [INFO] WebApp:225 - Starting web application
2025-11-19 20:09:43,883 [INFO] WebApp:593 - Web application path used C:\ST\STM32CubeIDE_1.18.0\STM32CubeIDE\plugins\com.st.stm32cube.common.mx_6.14.1.202504091515\db\plugins\mcufinder\reactClient1\index.html
2025-11-19 20:09:43,898 [WARN] PackLoader:240 - Cannot read IP mode file for STMicroelectronics.X-CUBE-BLEMGR.4.0.0
2025-11-19 20:09:43,948 [WARN] PackLoader:240 - Cannot read IP mode file for STMicroelectronics.X-CUBE-ST60.1.1.0
2025-11-19 20:09:43,969 [WARN] PackLoader:240 - Cannot read IP mode file for emotas.I-CUBE-CANOPEN.1.3.0
2025-11-19 20:09:43,998 [INFO] WebApp:191 - Connection restablished
2025-11-19 20:09:44,015 [WARN] PackLoader:240 - Cannot read IP mode file for STMicroelectronics.X-CUBE-GNSS1.7.1.0
2025-11-19 20:09:44,083 [WARN] PackLoader:240 - Cannot read IP mode file for STMicroelectronics.X-CUBE-BLEMGR.3.1.0
2025-11-19 20:09:44,106 [WARN] PackLoader:240 - Cannot read IP mode file for STMicroelectronics.X-CUBE-AI.10.0.0
2025-11-19 20:09:44,119 [ERROR] Engine:466 - C:\Users\User\.stm32cubemx\thirdparties\pdsc\STMicroelectronics.FP-SNS-STBOX1.2.1.0.pdsc: PDSC version is not supported
2025-11-19 20:09:44,135 [WARN] PackLoader:240 - Cannot read IP mode file for STMicroelectronics.FP-SNS-SMARTAG2.1.2.0
2025-11-19 20:09:44,144 [WARN] PackLoader:240 - Cannot read IP mode file for STMicroelectronics.FP-SNS-FLIGHT1.5.1.0
2025-11-19 20:09:44,265 [WARN] PackLoader:240 - Cannot read IP mode file for STMicroelectronics.X-CUBE-MEMS1.11.1.0
2025-11-19 20:09:44,596 [INFO] UserAuth:484 - Internet connection configuration mode: 1
2025-11-19 20:09:44,680 [INFO] LogOutputStream:77 - [STDOUT_REDIRECT] 1 : Invalid condition id : UX_CORESTACK_Condition cause : null
2025-11-19 20:09:44,682 [INFO] LogOutputStream:77 - [STDOUT_REDIRECT] 1 : Invalid condition id : UX_CORESTACK_Condition cause : null
2025-11-19 20:09:44,684 [INFO] LogOutputStream:77 - [STDOUT_REDIRECT] 1 : Invalid condition id : UX_CORESTACK_Condition cause : null
2025-11-19 20:09:44,688 [INFO] LogOutputStream:77 - [STDOUT_REDIRECT] 1 : Invalid condition id : UX_CORESTACK_Condition cause : null
2025-11-19 20:09:44,707 [INFO] LogOutputStream:77 - [STDOUT_REDIRECT] 1 : Invalid condition id : UX_CORESTACK_Condition cause : null
2025-11-19 20:09:44,718 [WARN] PackLoader:240 - Cannot read IP mode file for STMicroelectronics.X-CUBE-AZRTOS-WL.2.0.0
2025-11-19 20:09:44,748 [WARN] PackLoader:240 - Cannot read IP mode file for STMicroelectronics.FP-SNS-MOTENV1.5.0.0
2025-11-19 20:09:44,772 [WARN] PackLoader:240 - Cannot read IP mode file for wolfSSL.I-CUBE-wolfMQTT.1.19.0
2025-11-19 20:09:44,834 [WARN] PackLoader:240 - Cannot read IP mode file for WES.I-CUBE-Cesium.1.3.0
2025-11-19 20:09:44,850 [WARN] PackLoader:240 - Cannot read IP mode file for STMicroelectronics.X-CUBE-BLE2.3.3.0
2025-11-19 20:09:44,923 [WARN] PackLoader:240 - Cannot read IP mode file for STMicroelectronics.X-CUBE-NFC9.1.0.0
2025-11-19 20:09:44,953 [WARN] PackLoader:240 - Cannot read IP mode file for STMicroelectronics.X-CUBE-BLE1.7.1.0
2025-11-19 20:09:44,978 [WARN] PackLoader:240 - Cannot read IP mode file for STMicroelectronics.X-CUBE-TCPP.4.1.0
2025-11-19 20:09:45,003 [WARN] PackLoader:240 - Cannot read IP mode file for STMicroelectronics.X-CUBE-EEPRMA1.5.2.0
2025-11-19 20:09:45,253 [ERROR] Engine:466 - C:\Users\User\.stm32cubemx\thirdparties\pdsc\STMicroelectronics.X-CUBE-ST67W61.1.1.0.pdsc: PDSC version is not supported
2025-11-19 20:09:45,283 [WARN] PackLoader:240 - Cannot read IP mode file for STMicroelectronics.X-CUBE-AI.10.1.0
2025-11-19 20:09:45,306 [WARN] PackLoader:240 - Cannot read IP mode file for STMicroelectronics.X-CUBE-ALGOBUILD.1.3.0
2025-11-19 20:09:45,470 [WARN] PackLoader:240 - Cannot read IP mode file for STMicroelectronics.X-CUBE-MEMS1.11.2.0
2025-11-19 20:09:45,681 [WARN] PackLoader:240 - Cannot read IP mode file for STMicroelectronics.X-CUBE-AZRTOS-G0.1.1.0
2025-11-19 20:09:45,689 [WARN] PackLoader:240 - Cannot read IP mode file for STMicroelectronics.X-CUBE-SAFEA1.1.2.2
2025-11-19 20:09:45,699 [WARN] PackLoader:240 - Cannot read IP mode file for STMicroelectronics.X-CUBE-NFC4.3.0.0
2025-11-19 20:09:45,715 [WARN] PackLoader:240 - Cannot read IP mode file for EmbeddedOffice.I-CUBE-FS-RTOS.1.0.1
2025-11-19 20:09:45,722 [WARN] PackLoader:240 - Cannot read IP mode file for STMicroelectronics.X-CUBE-WB05N.2.0.0
2025-11-19 20:09:45,741 [WARN] PackLoader:240 - Cannot read IP mode file for STMicroelectronics.X-CUBE-BLEMGR.3.0.0
2025-11-19 20:09:45,773 [WARN] PackLoader:240 - Cannot read IP mode file for STMicroelectronics.X-CUBE-TCPP.4.2.0
2025-11-19 20:09:45,824 [WARN] PackLoader:240 - Cannot read IP mode file for RealThread.X-CUBE-RT-Thread_Nano.4.1.1
2025-11-19 20:09:45,840 [WARN] PackLoader:240 - Cannot read IP mode file for wolfSSL.I-CUBE-wolfSSL.5.7.0
2025-11-19 20:09:45,858 [WARN] PackLoader:240 - Cannot read IP mode file for STMicroelectronics.FP-ATR-SIGFOX1.3.2.0
2025-11-19 20:09:45,873 [WARN] ConditionMgr:438 - getConditionDescription Invalid condition id : Cortex-A Device cause : null
2025-11-19 20:09:45,899 [WARN] ConditionMgr:1044 - genDependencies : Invalid condition id : Cortex-A Device cause : null
2025-11-19 20:09:45,900 [WARN] ConditionMgr:1044 - genDependencies : Invalid condition id : Cortex-A Device cause : null
2025-11-19 20:09:45,901 [WARN] ConditionMgr:1044 - genDependencies : Invalid condition id : Cortex-A Device cause : null
2025-11-19 20:09:45,920 [WARN] PackLoader:240 - Cannot read IP mode file for STMicroelectronics.X-CUBE-EEPRMA1.5.1.0
2025-11-19 20:09:45,955 [WARN] PackLoader:240 - Cannot read IP mode file for ITTIA_DB.I-CUBE-ITTIADB.8.9.0
2025-11-19 20:09:46,002 [WARN] PackLoader:240 - Cannot read IP mode file for STMicroelectronics.X-CUBE-ST67W61.1.0.0
2025-11-19 20:09:46,036 [WARN] PackLoader:240 - Cannot read IP mode file for STMicroelectronics.X-CUBE-AI.10.2.0
2025-11-19 20:09:46,187 [WARN] PackLoader:240 - Cannot read IP mode file for SEGGER.I-CUBE-embOS.1.3.1
2025-11-19 20:09:46,260 [WARN] PackLoader:240 - Cannot read IP mode file for STMicroelectronics.X-CUBE-ALGOBUILD.1.4.0
2025-11-19 20:09:46,380 [WARN] PackLoader:240 - Cannot read IP mode file for STMicroelectronics.X-CUBE-MEMS1.11.3.0
2025-11-19 20:09:46,553 [WARN] PackLoader:240 - Cannot read IP mode file for STMicroelectronics.X-CUBE-AI.9.1.0
2025-11-19 20:09:46,561 [WARN] PackLoader:240 - Cannot read IP mode file for STMicroelectronics.X-CUBE-PM33A1.1.0.0
2025-11-19 20:09:46,566 [WARN] PackLoader:240 - Cannot read IP mode file for STMicroelectronics.X-CUBE-GNSS1.6.0.0
2025-11-19 20:09:46,586 [WARN] PackLoader:240 - Cannot read IP mode file for STMicroelectronics.X-CUBE-AZRTOS-F4.1.1.0
2025-11-19 20:09:46,596 [WARN] PackLoader:240 - Cannot read IP mode file for Avnet-IotConnect.X-CUBE-IoTC-DA16k-PMOD.1.0.0
2025-11-19 20:09:46,601 [WARN] PackLoader:240 - Cannot read IP mode file for STMicroelectronics.X-CUBE-ISPU.2.1.0
2025-11-19 20:09:46,608 [ERROR] Engine:466 - C:\Users\User\.stm32cubemx\thirdparties\pdsc\STMicroelectronics.X-CUBE-IPS.3.2.0.pdsc: PDSC version is not supported
2025-11-19 20:09:46,614 [WARN] PackLoader:240 - Cannot read IP mode file for STMicroelectronics.X-CUBE-FREERTOS.1.2.0
2025-11-19 20:09:46,623 [WARN] PackLoader:240 - Cannot read IP mode file for STMicroelectronics.X-CUBE-NFC12.1.0.0
2025-11-19 20:09:46,650 [WARN] PackLoader:240 - Cannot read IP mode file for STMicroelectronics.X-CUBE-AZRTOS-L5.2.0.0
2025-11-19 20:09:46,661 [WARN] PackLoader:240 - Cannot read IP mode file for STMicroelectronics.X-CUBE-EEPRMA1.4.2.0
2025-11-19 20:09:46,672 [WARN] PackLoader:240 - Cannot read IP mode file for STMicroelectronics.X-CUBE-NFC6.3.1.0
2025-11-19 20:09:46,685 [WARN] PackLoader:240 - Cannot read IP mode file for STMicroelectronics.X-CUBE-DPower.1.2.0
2025-11-19 20:09:46,689 [WARN] PackLoader:240 - Cannot read IP mode file for STMicroelectronics.X-CUBE-AI.9.0.0
2025-11-19 20:09:46,702 [WARN] PackLoader:240 - Cannot read IP mode file for STMicroelectronics.X-CUBE-FREERTOS.1.3.1
2025-11-19 20:09:46,711 [WARN] PackLoader:240 - Cannot read IP mode file for STMicroelectronics.X-CUBE-FREERTOS.1.3.0
2025-11-19 20:09:46,719 [WARN] PackLoader:240 - Cannot read IP mode file for STMicroelectronics.X-CUBE-NFC7.1.0.1
2025-11-19 20:09:46,725 [WARN] PackLoader:240 - Cannot read IP mode file for STMicroelectronics.X-CUBE-TOUCHGFX.4.26.0
2025-11-19 20:09:46,737 [WARN] PackLoader:240 - Cannot read IP mode file for STMicroelectronics.X-CUBE-NFC6.3.0.0
2025-11-19 20:09:46,754 [WARN] PackLoader:240 - Cannot read IP mode file for STMicroelectronics.X-CUBE-DPower.1.3.0
2025-11-19 20:09:46,765 [WARN] PackLoader:240 - Cannot read IP mode file for STMicroelectronics.X-CUBE-AI.8.1.0
2025-11-19 20:09:46,794 [WARN] ConditionMgr:438 - getConditionDescription Invalid condition id : LAN8742 Phy interface Condition cause : null
2025-11-19 20:09:46,796 [WARN] PackLoader:240 - Cannot read IP mode file for STMicroelectronics.X-CUBE-AZRTOS-L4.2.0.0
2025-11-19 20:09:46,797 [WARN] ConditionMgr:1044 - genDependencies : Invalid condition id : LAN8742 Phy interface Condition cause : null
2025-11-19 20:09:46,797 [WARN] ConditionMgr:1044 - genDependencies : Invalid condition id : LAN8742 Phy interface Condition cause : null
2025-11-19 20:09:46,798 [WARN] ConditionMgr:1044 - genDependencies : Invalid condition id : LAN8742 Phy interface Condition cause : null
2025-11-19 20:09:46,812 [WARN] PackLoader:240 - Cannot read IP mode file for STMicroelectronics.X-CUBE-SFXS2LP1.4.0.0
2025-11-19 20:09:46,844 [WARN] PackLoader:240 - Cannot read IP mode file for STMicroelectronics.X-CUBE-AZRTOS-H7.3.3.0
2025-11-19 20:09:46,864 [WARN] PackLoader:240 - Cannot read IP mode file for STMicroelectronics.X-CUBE-BLEMGR.4.1.0
2025-11-19 20:09:46,882 [WARN] PackLoader:240 - Cannot read IP mode file for STMicroelectronics.X-CUBE-IPS.3.0.0
2025-11-19 20:09:46,903 [WARN] ConditionMgr:438 - getConditionDescription Invalid condition id : UX DEVICE CLASS RTOS Condition cause : null
2025-11-19 20:09:46,903 [WARN] ConditionMgr:438 - getConditionDescription Invalid condition id : UX DEVICE CLASS RTOS Condition cause : null
2025-11-19 20:09:46,905 [WARN] PackLoader:240 - Cannot read IP mode file for STMicroelectronics.X-CUBE-AZRTOS-WB.2.0.0
2025-11-19 20:09:46,906 [WARN] ConditionMgr:1044 - genDependencies : Invalid condition id : UX DEVICE CLASS RTOS Condition cause : null
2025-11-19 20:09:46,906 [WARN] ConditionMgr:1044 - genDependencies : Invalid condition id : UX DEVICE CLASS RTOS Condition cause : null
2025-11-19 20:09:46,907 [WARN] ConditionMgr:1044 - genDependencies : Invalid condition id : UX DEVICE CLASS RTOS Condition cause : null
2025-11-19 20:09:46,907 [WARN] ConditionMgr:1044 - genDependencies : Invalid condition id : UX DEVICE CLASS RTOS Condition cause : null
2025-11-19 20:09:46,907 [WARN] ConditionMgr:1044 - genDependencies : Invalid condition id : UX DEVICE CLASS RTOS Condition cause : null
2025-11-19 20:09:46,938 [WARN] PackLoader:240 - Cannot read IP mode file for STMicroelectronics.X-CUBE-GNSS1.7.0.0
2025-11-19 20:09:46,949 [WARN] PackLoader:240 - Cannot read IP mode file for STMicroelectronics.X-CUBE-GNSS1.7.0.1
2025-11-19 20:09:46,955 [WARN] PackLoader:240 - Cannot read IP mode file for STMicroelectronics.X-CUBE-TOUCHGFX.4.25.0
2025-11-19 20:09:46,963 [WARN] PackLoader:240 - Cannot read IP mode file for STMicroelectronics.FP-SNS-STBOX1.2.0.0
2025-11-19 20:09:46,977 [WARN] PackLoader:240 - Cannot read IP mode file for STMicroelectronics.X-CUBE-SUBG2.5.0.0
2025-11-19 20:09:47,010 [WARN] PackLoader:240 - Cannot read IP mode file for STMicroelectronics.X-CUBE-AZRTOS-H7RS.1.1.0
2025-11-19 20:09:47,021 [WARN] PackLoader:240 - Cannot read IP mode file for Cesanta.I-CUBE-Mongoose.7.13.0
2025-11-19 20:09:47,041 [WARN] PackLoader:240 - Cannot read IP mode file for STMicroelectronics.X-CUBE-AZRTOS-G4.2.0.0
2025-11-19 20:09:47,049 [WARN] PackLoader:240 - Cannot read IP mode file for STMicroelectronics.X-CUBE-NFC7.2.0.0
2025-11-19 20:09:47,055 [WARN] PackLoader:240 - Cannot read IP mode file for STMicroelectronics.FP-SNS-MOTENVWB1.1.3.1
2025-11-19 20:09:47,062 [WARN] PackLoader:240 - Cannot read IP mode file for STMicroelectronics.X-CUBE-ISPU.2.0.0
2025-11-19 20:09:47,078 [WARN] PackLoader:240 - Cannot read IP mode file for STMicroelectronics.X-CUBE-IPS.3.1.0
2025-11-19 20:09:47,095 [WARN] PackLoader:240 - Cannot read IP mode file for STMicroelectronics.X-CUBE-ALS.1.0.2
2025-11-19 20:09:47,132 [WARN] PackLoader:240 - Cannot read IP mode file for STMicroelectronics.X-CUBE-MEMS1.10.0.0
2025-11-19 20:09:47,241 [WARN] PackLoader:240 - Cannot read IP mode file for STMicroelectronics.X-CUBE-FREERTOS.1.1.0
2025-11-19 20:09:47,247 [WARN] PackLoader:240 - Cannot read IP mode file for STMicroelectronics.X-CUBE-TOUCHGFX.4.24.0
2025-11-19 20:09:47,250 [WARN] PackLoader:240 - Cannot read IP mode file for STMicroelectronics.X-CUBE-TOUCHGFX.4.24.2
2025-11-19 20:09:47,254 [WARN] PackLoader:240 - Cannot read IP mode file for STMicroelectronics.X-CUBE-TOUCHGFX.4.24.1
2025-11-19 20:09:47,263 [WARN] PackLoader:240 - Cannot read IP mode file for STMicroelectronics.X-CUBE-STSE01.1.0.0
2025-11-19 20:09:47,268 [WARN] PackLoader:240 - Cannot read IP mode file for wolfSSL.I-CUBE-wolfTPM.3.4.0
2025-11-19 20:09:47,275 [WARN] PackLoader:240 - Cannot read IP mode file for portGmbH.I-Cube-SoM-uGOAL.1.1.0
2025-11-19 20:09:47,279 [WARN] PackLoader:240 - Cannot read IP mode file for STMicroelectronics.X-CUBE-ALS.1.0.1
2025-11-19 20:09:47,298 [WARN] PackLoader:240 - Cannot read IP mode file for STMicroelectronics.X-CUBE-AZRTOS-H7RS.1.0.0
2025-11-19 20:09:47,305 [WARN] PackLoader:240 - Cannot read IP mode file for STMicroelectronics.FP-ATR-ASTRA1.2.0.0
2025-11-19 20:09:47,318 [WARN] PackLoader:240 - Cannot read IP mode file for STMicroelectronics.X-CUBE-TOF1.3.4.2
2025-11-19 20:09:47,340 [WARN] PackLoader:240 - Cannot read IP mode file for STMicroelectronics.X-CUBE-TOF1.3.4.3
2025-11-19 20:09:47,365 [WARN] PackLoader:240 - Cannot read IP mode file for STMicroelectronics.X-CUBE-TOF1.3.4.0
2025-11-19 20:09:47,383 [WARN] PackLoader:240 - Cannot read IP mode file for STMicroelectronics.X-CUBE-TOF1.3.4.1
2025-11-19 20:09:47,415 [WARN] PackLoader:240 - Cannot read IP mode file for STMicroelectronics.X-CUBE-AZRTOS-H7.3.2.0
2025-11-19 20:09:47,435 [WARN] PackLoader:240 - Cannot read IP mode file for Infineon.AIROC-Wi-Fi-Bluetooth-STM32.1.6.0
2025-11-19 20:09:47,444 [WARN] PackLoader:240 - Cannot read IP mode file for wolfSSL.I-CUBE-wolfSSH.1.4.17
2025-11-19 20:09:47,444 [INFO] ThirdParty:978 - Integrity check success = true
2025-11-19 20:09:47,444 [INFO] IntegrityCheckThread:100 - exiting critical section [integrity check]
2025-11-19 20:09:47,444 [INFO] IntegrityCheckThread:103 - End integrity checks thread
2025-11-19 22:25:29,713 [ERROR] LogOutputStream:75 - [STDERR_REDIRECT] 
